0 verbose cli C:\nvm4w\nodejs\node.exe C:\Users\Glo'S\AppData\Roaming\npm\node_modules\npm\bin\npm-cli.js
1 info using npm@11.6.0
2 info using node@v22.14.0
3 silly config load:file:C:\Users\Glo'S\AppData\Roaming\npm\node_modules\npm\npmrc
4 silly config load:file:C:\xampp\htdocs\lengo-web1 - Copie\.npmrc
5 silly config load:file:C:\Users\Glo'S\.npmrc
6 silly config load:file:C:\Users\Glo'S\AppData\Roaming\npm\etc\npmrc
7 verbose title npm i @vercel/analytics
8 verbose argv "i" "@vercel/analytics"
9 verbose logfile logs-max:10 dir:C:\xampp\htdocs\lengo-web1 - Copie\npm-cache\_logs\2026-03-16T10_37_43_683Z-
10 verbose logfile C:\xampp\htdocs\lengo-web1 - Copie\npm-cache\_logs\2026-03-16T10_37_43_683Z-debug-0.log
11 silly logfile start cleaning logs, removing 1 files
12 silly packumentCache heap:2197815296 maxSize:549453824 maxEntrySize:274726912
13 silly logfile done cleaning log files
14 silly idealTree buildDeps
15 silly fetch manifest @vercel/analytics@*
16 silly packumentCache full:https://registry.npmjs.org/@vercel%2fanalytics cache-miss
17 verbose shrinkwrap failed to load node_modules/.package-lock.json out of date, updated: node_modules
18 http fetch GET 200 https://registry.npmjs.org/@vercel%2fanalytics 20144ms (cache miss)
19 silly packumentCache full:https://registry.npmjs.org/@vercel%2fanalytics set size:undefined disposed:false
20 silly fetch manifest @remix-run/react@^2
21 silly packumentCache full:https://registry.npmjs.org/@remix-run%2freact cache-miss
22 http fetch GET 200 https://registry.npmjs.org/@remix-run%2freact 1275ms (cache miss)
23 silly packumentCache full:https://registry.npmjs.org/@remix-run%2freact set size:undefined disposed:false
24 silly fetch manifest react@19.2.3
25 silly packumentCache full:https://registry.npmjs.org/react cache-miss
26 http fetch GET 200 https://registry.npmjs.org/react 515ms (cache revalidated)
27 silly packumentCache full:https://registry.npmjs.org/react set size:6543561 disposed:false
28 silly fetch manifest react@^18.0.0
29 silly packumentCache full:https://registry.npmjs.org/react cache-miss
30 http cache https://registry.npmjs.org/react 464ms (cache hit)
31 silly packumentCache full:https://registry.npmjs.org/react set size:6543561 disposed:false
32 silly fetch manifest react-dom@19.2.3
33 silly packumentCache full:https://registry.npmjs.org/react-dom cache-miss
34 http fetch GET 200 https://registry.npmjs.org/react-dom 565ms (cache revalidated)
35 silly packumentCache full:https://registry.npmjs.org/react-dom set size:8685222 disposed:false
36 silly fetch manifest react-dom@^18.0.0
37 silly packumentCache full:https://registry.npmjs.org/react-dom cache-miss
38 http cache https://registry.npmjs.org/react-dom 246ms (cache hit)
39 silly packumentCache full:https://registry.npmjs.org/react-dom set size:8685222 disposed:false
40 silly fetch manifest typescript@^5
41 silly packumentCache full:https://registry.npmjs.org/typescript cache-miss
42 http fetch GET 200 https://registry.npmjs.org/typescript 2612ms (cache miss)
43 silly packumentCache full:https://registry.npmjs.org/typescript set size:undefined disposed:false
44 silly fetch manifest @sveltejs/kit@^1 || ^2
45 silly packumentCache full:https://registry.npmjs.org/@sveltejs%2fkit cache-miss
46 http fetch GET 200 https://registry.npmjs.org/@sveltejs%2fkit 876ms (cache miss)
47 silly packumentCache full:https://registry.npmjs.org/@sveltejs%2fkit set size:undefined disposed:false
48 silly fetch manifest @opentelemetry/api@^1.0.0
49 silly packumentCache full:https://registry.npmjs.org/@opentelemetry%2fapi cache-miss
50 http fetch GET 200 https://registry.npmjs.org/@opentelemetry%2fapi 424ms (cache revalidated)
51 silly packumentCache full:https://registry.npmjs.org/@opentelemetry%2fapi set size:455678 disposed:false
52 silly fetch manifest @sveltejs/vite-plugin-svelte@^3.0.0 || ^4.0.0-next.1 || ^5.0.0 || ^6.0.0-next.0 || ^7.0.0
53 silly packumentCache full:https://registry.npmjs.org/@sveltejs%2fvite-plugin-svelte cache-miss
54 http fetch GET 200 https://registry.npmjs.org/@sveltejs%2fvite-plugin-svelte 348ms (cache miss)
55 silly packumentCache full:https://registry.npmjs.org/@sveltejs%2fvite-plugin-svelte set size:undefined disposed:false
56 silly fetch manifest svelte@^5.46.4
57 silly packumentCache full:https://registry.npmjs.org/svelte cache-miss
58 http fetch GET 200 https://registry.npmjs.org/svelte 648ms (cache miss)
59 silly packumentCache full:https://registry.npmjs.org/svelte set size:undefined disposed:false
60 silly fetch manifest vite@^8.0.0-beta.7 || ^8.0.0
61 silly packumentCache full:https://registry.npmjs.org/vite cache-miss
62 http fetch GET 200 https://registry.npmjs.org/vite 5095ms (cache miss)
63 silly packumentCache full:https://registry.npmjs.org/vite set size:undefined disposed:false
64 silly fetch manifest @types/node@^20
65 silly packumentCache full:https://registry.npmjs.org/@types%2fnode cache-miss
66 http fetch GET 200 https://registry.npmjs.org/@types%2fnode 1620ms (cache miss)
67 silly packumentCache full:https://registry.npmjs.org/@types%2fnode set size:undefined disposed:false
68 silly fetch manifest @vitejs/devtools@^0.0.0-alpha.31
69 silly packumentCache full:https://registry.npmjs.org/@vitejs%2fdevtools cache-miss
70 http fetch GET 200 https://registry.npmjs.org/@vitejs%2fdevtools 289ms (cache miss)
71 silly packumentCache full:https://registry.npmjs.org/@vitejs%2fdevtools set size:undefined disposed:false
72 silly fetch manifest esbuild@^0.27.0
73 silly packumentCache full:https://registry.npmjs.org/esbuild cache-miss
74 http fetch GET 200 https://registry.npmjs.org/esbuild 609ms (cache miss)
75 silly packumentCache full:https://registry.npmjs.org/esbuild set size:undefined disposed:false
76 silly fetch manifest jiti@>=1.21.0
77 silly packumentCache full:https://registry.npmjs.org/jiti cache-miss
78 http fetch GET 200 https://registry.npmjs.org/jiti 328ms (cache miss)
79 silly packumentCache full:https://registry.npmjs.org/jiti set size:undefined disposed:false
80 silly fetch manifest less@^4.0.0
81 silly packumentCache full:https://registry.npmjs.org/less cache-miss
82 http fetch GET 200 https://registry.npmjs.org/less 285ms (cache miss)
83 silly packumentCache full:https://registry.npmjs.org/less set size:undefined disposed:false
84 silly fetch manifest sass@^1.70.0
85 silly packumentCache full:https://registry.npmjs.org/sass cache-miss
86 http fetch GET 200 https://registry.npmjs.org/sass 375ms (cache revalidated)
87 silly packumentCache full:https://registry.npmjs.org/sass set size:724154 disposed:false
88 silly fetch manifest sass-embedded@^1.70.0
89 silly packumentCache full:https://registry.npmjs.org/sass-embedded cache-miss
90 http fetch GET 200 https://registry.npmjs.org/sass-embedded 289ms (cache miss)
91 silly packumentCache full:https://registry.npmjs.org/sass-embedded set size:undefined disposed:false
92 silly fetch manifest stylus@>=0.54.8
93 silly packumentCache full:https://registry.npmjs.org/stylus cache-miss
94 http fetch GET 200 https://registry.npmjs.org/stylus 364ms (cache miss)
95 silly packumentCache full:https://registry.npmjs.org/stylus set size:undefined disposed:false
96 silly fetch manifest sugarss@^5.0.0
97 silly packumentCache full:https://registry.npmjs.org/sugarss cache-miss
98 http fetch GET 200 https://registry.npmjs.org/sugarss 214ms (cache miss)
99 silly packumentCache full:https://registry.npmjs.org/sugarss set size:undefined disposed:false
100 silly fetch manifest postcss@^8.3.3
101 silly packumentCache full:https://registry.npmjs.org/postcss cache-miss
102 http fetch GET 200 https://registry.npmjs.org/postcss 1313ms (cache miss)
103 silly packumentCache full:https://registry.npmjs.org/postcss set size:undefined disposed:false
104 silly fetch manifest terser@^5.16.0
105 silly packumentCache full:https://registry.npmjs.org/terser cache-miss
106 http fetch GET 200 https://registry.npmjs.org/terser 1247ms (cache revalidated)
107 silly packumentCache full:https://registry.npmjs.org/terser set size:786629 disposed:false
108 silly fetch manifest tsx@^4.8.1
109 silly packumentCache full:https://registry.npmjs.org/tsx cache-miss
110 http fetch GET 200 https://registry.npmjs.org/tsx 527ms (cache miss)
111 silly packumentCache full:https://registry.npmjs.org/tsx set size:undefined disposed:false
112 silly fetch manifest yaml@^2.8.2
113 silly packumentCache full:https://registry.npmjs.org/yaml cache-miss
114 http fetch GET 200 https://registry.npmjs.org/yaml 313ms (cache miss)
115 silly packumentCache full:https://registry.npmjs.org/yaml set size:undefined disposed:false
116 silly fetch manifest next@16.1.6
117 silly packumentCache full:https://registry.npmjs.org/next cache-miss
118 http fetch GET 200 https://registry.npmjs.org/next 4114ms (cache updated)
119 silly packumentCache full:https://registry.npmjs.org/next set size:undefined disposed:false
120 silly fetch manifest @playwright/test@^1.51.1
121 silly packumentCache full:https://registry.npmjs.org/@playwright%2ftest cache-miss
122 http fetch GET 200 https://registry.npmjs.org/@playwright%2ftest 2407ms (cache updated)
123 silly packumentCache full:https://registry.npmjs.org/@playwright%2ftest set size:undefined disposed:false
124 silly fetch manifest babel-plugin-react-compiler@*
125 silly packumentCache full:https://registry.npmjs.org/babel-plugin-react-compiler cache-miss
126 http fetch GET 200 https://registry.npmjs.org/babel-plugin-react-compiler 1005ms (cache revalidated)
127 silly packumentCache full:https://registry.npmjs.org/babel-plugin-react-compiler set size:1277426 disposed:false
128 silly fetch manifest nuxt@>= 3
129 silly packumentCache full:https://registry.npmjs.org/nuxt cache-miss
130 http fetch GET 200 https://registry.npmjs.org/nuxt 842ms (cache miss)
131 silly packumentCache full:https://registry.npmjs.org/nuxt set size:undefined disposed:false
132 silly fetch manifest @parcel/watcher@^2.1.0
133 silly packumentCache full:https://registry.npmjs.org/@parcel%2fwatcher cache-miss
134 http fetch GET 200 https://registry.npmjs.org/@parcel%2fwatcher 1053ms (cache miss)
135 silly packumentCache full:https://registry.npmjs.org/@parcel%2fwatcher set size:undefined disposed:false
136 silly fetch manifest vue@^3
137 silly packumentCache full:https://registry.npmjs.org/vue cache-miss
138 http fetch GET 200 https://registry.npmjs.org/vue 448ms (cache miss)
139 silly packumentCache full:https://registry.npmjs.org/vue set size:undefined disposed:false
140 silly fetch manifest vue-router@^4
141 silly packumentCache full:https://registry.npmjs.org/vue-router cache-miss
142 http fetch GET 200 https://registry.npmjs.org/vue-router 1006ms (cache miss)
143 silly packumentCache full:https://registry.npmjs.org/vue-router set size:undefined disposed:false
144 silly placeDep ROOT @vercel/analytics@2.0.1 OK for: lengo-web@0.1.0 want: *
145 silly reify moves {}
146 verbose reify failed optional dependency C:\xampp\htdocs\lengo-web1 - Copie\node_modules\@tailwindcss\oxide-wasm32-wasi
147 silly reify mark deleted [
147 silly reify   'C:\\xampp\\htdocs\\lengo-web1 - Copie\\node_modules\\@tailwindcss\\oxide-wasm32-wasi'
147 silly reify ]
148 silly audit bulk request {
148 silly audit   '@alloc/quick-lru': [ '5.2.0' ],
148 silly audit   '@babel/code-frame': [ '7.29.0' ],
148 silly audit   '@babel/compat-data': [ '7.29.0' ],
148 silly audit   '@babel/core': [ '7.29.0' ],
148 silly audit   '@babel/generator': [ '7.29.1' ],
148 silly audit   '@babel/helper-annotate-as-pure': [ '7.27.3' ],
148 silly audit   '@babel/helper-compilation-targets': [ '7.28.6' ],
148 silly audit   '@babel/helper-create-class-features-plugin': [ '7.28.6' ],
148 silly audit   '@babel/helper-create-regexp-features-plugin': [ '7.28.5' ],
148 silly audit   '@babel/helper-define-polyfill-provider': [ '0.6.7' ],
148 silly audit   '@babel/helper-globals': [ '7.28.0' ],
148 silly audit   '@babel/helper-member-expression-to-functions': [ '7.28.5' ],
148 silly audit   '@babel/helper-module-imports': [ '7.28.6' ],
148 silly audit   '@babel/helper-module-transforms': [ '7.28.6' ],
148 silly audit   '@babel/helper-optimise-call-expression': [ '7.27.1' ],
148 silly audit   '@babel/helper-plugin-utils': [ '7.28.6' ],
148 silly audit   '@babel/helper-remap-async-to-generator': [ '7.27.1' ],
148 silly audit   '@babel/helper-replace-supers': [ '7.28.6' ],
148 silly audit   '@babel/helper-skip-transparent-expression-wrappers': [ '7.27.1' ],
148 silly audit   '@babel/helper-string-parser': [ '7.27.1' ],
148 silly audit   '@babel/helper-validator-identifier': [ '7.28.5' ],
148 silly audit   '@babel/helper-validator-option': [ '7.27.1' ],
148 silly audit   '@babel/helper-wrap-function': [ '7.28.6' ],
148 silly audit   '@babel/helpers': [ '7.28.6' ],
148 silly audit   '@babel/parser': [ '7.29.0' ],
148 silly audit   '@babel/plugin-bugfix-firefox-class-in-computed-class-key': [ '7.28.5' ],
148 silly audit   '@babel/plugin-bugfix-safari-class-field-initializer-scope': [ '7.27.1' ],
148 silly audit   '@babel/plugin-bugfix-safari-id-destructuring-collision-in-function-expression': [ '7.27.1' ],
148 silly audit   '@babel/plugin-bugfix-v8-spread-parameters-in-optional-chaining': [ '7.27.1' ],
148 silly audit   '@babel/plugin-bugfix-v8-static-class-fields-redefine-readonly': [ '7.28.6' ],
148 silly audit   '@babel/plugin-proposal-private-property-in-object': [ '7.21.0-placeholder-for-preset-env.2' ],
148 silly audit   '@babel/plugin-syntax-import-assertions': [ '7.28.6' ],
148 silly audit   '@babel/plugin-syntax-import-attributes': [ '7.28.6' ],
148 silly audit   '@babel/plugin-syntax-unicode-sets-regex': [ '7.18.6' ],
148 silly audit   '@babel/plugin-transform-arrow-functions': [ '7.27.1' ],
148 silly audit   '@babel/plugin-transform-async-generator-functions': [ '7.29.0' ],
148 silly audit   '@babel/plugin-transform-async-to-generator': [ '7.28.6' ],
148 silly audit   '@babel/plugin-transform-block-scoped-functions': [ '7.27.1' ],
148 silly audit   '@babel/plugin-transform-block-scoping': [ '7.28.6' ],
148 silly audit   '@babel/plugin-transform-class-properties': [ '7.28.6' ],
148 silly audit   '@babel/plugin-transform-class-static-block': [ '7.28.6' ],
148 silly audit   '@babel/plugin-transform-classes': [ '7.28.6' ],
148 silly audit   '@babel/plugin-transform-computed-properties': [ '7.28.6' ],
148 silly audit   '@babel/plugin-transform-destructuring': [ '7.28.5' ],
148 silly audit   '@babel/plugin-transform-dotall-regex': [ '7.28.6' ],
148 silly audit   '@babel/plugin-transform-duplicate-keys': [ '7.27.1' ],
148 silly audit   '@babel/plugin-transform-duplicate-named-capturing-groups-regex': [ '7.29.0' ],
148 silly audit   '@babel/plugin-transform-dynamic-import': [ '7.27.1' ],
148 silly audit   '@babel/plugin-transform-explicit-resource-management': [ '7.28.6' ],
148 silly audit   '@babel/plugin-transform-exponentiation-operator': [ '7.28.6' ],
148 silly audit   '@babel/plugin-transform-export-namespace-from': [ '7.27.1' ],
148 silly audit   '@babel/plugin-transform-for-of': [ '7.27.1' ],
148 silly audit   '@babel/plugin-transform-function-name': [ '7.27.1' ],
148 silly audit   '@babel/plugin-transform-json-strings': [ '7.28.6' ],
148 silly audit   '@babel/plugin-transform-literals': [ '7.27.1' ],
148 silly audit   '@babel/plugin-transform-logical-assignment-operators': [ '7.28.6' ],
148 silly audit   '@babel/plugin-transform-member-expression-literals': [ '7.27.1' ],
148 silly audit   '@babel/plugin-transform-modules-amd': [ '7.27.1' ],
148 silly audit   '@babel/plugin-transform-modules-commonjs': [ '7.28.6' ],
148 silly audit   '@babel/plugin-transform-modules-systemjs': [ '7.29.0' ],
148 silly audit   '@babel/plugin-transform-modules-umd': [ '7.27.1' ],
148 silly audit   '@babel/plugin-transform-named-capturing-groups-regex': [ '7.29.0' ],
148 silly audit   '@babel/plugin-transform-new-target': [ '7.27.1' ],
148 silly audit   '@babel/plugin-transform-nullish-coalescing-operator': [ '7.28.6' ],
148 silly audit   '@babel/plugin-transform-numeric-separator': [ '7.28.6' ],
148 silly audit   '@babel/plugin-transform-object-rest-spread': [ '7.28.6' ],
148 silly audit   '@babel/plugin-transform-object-super': [ '7.27.1' ],
148 silly audit   '@babel/plugin-transform-optional-catch-binding': [ '7.28.6' ],
148 silly audit   '@babel/plugin-transform-optional-chaining': [ '7.28.6' ],
148 silly audit   '@babel/plugin-transform-parameters': [ '7.27.7' ],
148 silly audit   '@babel/plugin-transform-private-methods': [ '7.28.6' ],
148 silly audit   '@babel/plugin-transform-private-property-in-object': [ '7.28.6' ],
148 silly audit   '@babel/plugin-transform-property-literals': [ '7.27.1' ],
148 silly audit   '@babel/plugin-transform-regenerator': [ '7.29.0' ],
148 silly audit   '@babel/plugin-transform-regexp-modifiers': [ '7.28.6' ],
148 silly audit   '@babel/plugin-transform-reserved-words': [ '7.27.1' ],
148 silly audit   '@babel/plugin-transform-shorthand-properties': [ '7.27.1' ],
148 silly audit   '@babel/plugin-transform-spread': [ '7.28.6' ],
148 silly audit   '@babel/plugin-transform-sticky-regex': [ '7.27.1' ],
148 silly audit   '@babel/plugin-transform-template-literals': [ '7.27.1' ],
148 silly audit   '@babel/plugin-transform-typeof-symbol': [ '7.27.1' ],
148 silly audit   '@babel/plugin-transform-unicode-escapes': [ '7.27.1' ],
148 silly audit   '@babel/plugin-transform-unicode-property-regex': [ '7.28.6' ],
148 silly audit   '@babel/plugin-transform-unicode-regex': [ '7.27.1' ],
148 silly audit   '@babel/plugin-transform-unicode-sets-regex': [ '7.28.6' ],
148 silly audit   '@babel/preset-env': [ '7.29.0' ],
148 silly audit   '@babel/preset-modules': [ '0.1.6-no-external-plugins' ],
148 silly audit   '@babel/runtime': [ '7.28.6' ],
148 silly audit   '@babel/template': [ '7.28.6' ],
148 silly audit   '@babel/traverse': [ '7.29.0' ],
148 silly audit   '@babel/types': [ '7.29.0' ],
148 silly audit   '@dimforge/rapier3d-compat': [ '0.12.0' ],
148 silly audit   '@emnapi/core': [ '1.8.1' ],
148 silly audit   '@emnapi/runtime': [ '1.8.1' ],
148 silly audit   '@emnapi/wasi-threads': [ '1.1.0' ],
148 silly audit   '@eslint-community/eslint-utils': [ '4.9.1' ],
148 silly audit   'eslint-visitor-keys': [ '3.4.3', '5.0.1', '4.2.1' ],
148 silly audit   '@eslint-community/regexpp': [ '4.12.2' ],
148 silly audit   '@eslint/config-array': [ '0.21.2' ],
148 silly audit   '@eslint/config-helpers': [ '0.4.2' ],
148 silly audit   '@eslint/core': [ '0.17.0' ],
148 silly audit   '@eslint/eslintrc': [ '3.3.5' ],
148 silly audit   '@eslint/js': [ '9.39.4' ],
148 silly audit   '@eslint/object-schema': [ '2.1.7' ],
148 silly audit   '@eslint/plugin-kit': [ '0.4.1' ],
148 silly audit   '@humanfs/core': [ '0.19.1' ],
148 silly audit   '@humanfs/node': [ '0.16.7' ],
148 silly audit   '@humanwhocodes/module-importer': [ '1.0.1' ],
148 silly audit   '@humanwhocodes/retry': [ '0.4.3' ],
148 silly audit   '@img/colour': [ '1.1.0' ],
148 silly audit   '@img/sharp-darwin-arm64': [ '0.34.5' ],
148 silly audit   '@img/sharp-darwin-x64': [ '0.34.5' ],
148 silly audit   '@img/sharp-libvips-darwin-arm64': [ '1.2.4' ],
148 silly audit   '@img/sharp-libvips-darwin-x64': [ '1.2.4' ],
148 silly audit   '@img/sharp-libvips-linux-arm': [ '1.2.4' ],
148 silly audit   '@img/sharp-libvips-linux-arm64': [ '1.2.4' ],
148 silly audit   '@img/sharp-libvips-linux-ppc64': [ '1.2.4' ],
148 silly audit   '@img/sharp-libvips-linux-riscv64': [ '1.2.4' ],
148 silly audit   '@img/sharp-libvips-linux-s390x': [ '1.2.4' ],
148 silly audit   '@img/sharp-libvips-linux-x64': [ '1.2.4' ],
148 silly audit   '@img/sharp-libvips-linuxmusl-arm64': [ '1.2.4' ],
148 silly audit   '@img/sharp-libvips-linuxmusl-x64': [ '1.2.4' ],
148 silly audit   '@img/sharp-linux-arm': [ '0.34.5' ],
148 silly audit   '@img/sharp-linux-arm64': [ '0.34.5' ],
148 silly audit   '@img/sharp-linux-ppc64': [ '0.34.5' ],
148 silly audit   '@img/sharp-linux-riscv64': [ '0.34.5' ],
148 silly audit   '@img/sharp-linux-s390x': [ '0.34.5' ],
148 silly audit   '@img/sharp-linux-x64': [ '0.34.5' ],
148 silly audit   '@img/sharp-linuxmusl-arm64': [ '0.34.5' ],
148 silly audit   '@img/sharp-linuxmusl-x64': [ '0.34.5' ],
148 silly audit   '@img/sharp-wasm32': [ '0.34.5' ],
148 silly audit   '@img/sharp-win32-arm64': [ '0.34.5' ],
148 silly audit   '@img/sharp-win32-ia32': [ '0.34.5' ],
148 silly audit   '@img/sharp-win32-x64': [ '0.34.5' ],
148 silly audit   '@jridgewell/gen-mapping': [ '0.3.13' ],
148 silly audit   '@jridgewell/remapping': [ '2.3.5' ],
148 silly audit   '@jridgewell/resolve-uri': [ '3.1.2' ],
148 silly audit   '@jridgewell/source-map': [ '0.3.11' ],
148 silly audit   '@jridgewell/sourcemap-codec': [ '1.5.5' ],
148 silly audit   '@jridgewell/trace-mapping': [ '0.3.31' ],
148 silly audit   '@lottiefiles/react-lottie-player': [ '3.6.0' ],
148 silly audit   '@mdx-js/mdx': [ '3.1.1' ],
148 silly audit   '@mdx-js/react': [ '3.1.1' ],
148 silly audit   '@mediapipe/tasks-vision': [ '0.10.17' ],
148 silly audit   '@monogrid/gainmap-js': [ '3.4.0' ],
148 silly audit   '@napi-rs/wasm-runtime': [ '0.2.12' ],
148 silly audit   '@next/env': [ '16.1.6' ],
148 silly audit   '@next/eslint-plugin-next': [ '16.1.6' ],
148 silly audit   '@next/mdx': [ '16.1.6' ],
148 silly audit   '@next/swc-darwin-arm64': [ '16.1.6' ],
148 silly audit   '@next/swc-darwin-x64': [ '16.1.6' ],
148 silly audit   '@next/swc-linux-arm64-gnu': [ '16.1.6' ],
148 silly audit   '@next/swc-linux-arm64-musl': [ '16.1.6' ],
148 silly audit   '@next/swc-linux-x64-gnu': [ '16.1.6' ],
148 silly audit   '@next/swc-linux-x64-musl': [ '16.1.6' ],
148 silly audit   '@next/swc-win32-arm64-msvc': [ '16.1.6' ],
148 silly audit   '@next/swc-win32-x64-msvc': [ '16.1.6' ],
148 silly audit   '@nodelib/fs.scandir': [ '2.1.5' ],
148 silly audit   '@nodelib/fs.stat': [ '2.0.5' ],
148 silly audit   '@nodelib/fs.walk': [ '1.2.8' ],
148 silly audit   '@nolyfill/is-core-module': [ '1.0.39' ],
148 silly audit   '@react-three/drei': [ '10.7.7' ],
148 silly audit   '@react-three/fiber': [ '9.5.0' ],
148 silly audit   '@rollup/plugin-babel': [ '5.3.1' ],
148 silly audit   '@rollup/plugin-node-resolve': [ '11.2.1' ],
148 silly audit   '@rollup/plugin-replace': [ '2.4.2' ],
148 silly audit   'magic-string': [ '0.25.9', '0.30.21' ],
148 silly audit   '@rollup/pluginutils': [ '3.1.0' ],
148 silly audit   '@types/estree': [ '0.0.39', '1.0.8' ],
148 silly audit   'estree-walker': [ '1.0.1', '3.0.3' ],
148 silly audit   '@rtsao/scc': [ '1.1.0' ],
148 silly audit   '@stripe/stripe-js': [ '8.9.0' ],
148 silly audit   '@surma/rollup-plugin-off-main-thread': [ '2.2.3' ],
148 silly audit   '@swc/helpers': [ '0.5.15' ],
148 silly audit   '@tailwindcss/node': [ '4.2.1' ],
148 silly audit   '@tailwindcss/oxide': [ '4.2.1' ],
148 silly audit   '@tailwindcss/oxide-android-arm64': [ '4.2.1' ],
148 silly audit   '@tailwindcss/oxide-darwin-arm64': [ '4.2.1' ],
148 silly audit   '@tailwindcss/oxide-darwin-x64': [ '4.2.1' ],
148 silly audit   '@tailwindcss/oxide-freebsd-x64': [ '4.2.1' ],
148 silly audit   '@tailwindcss/oxide-linux-arm-gnueabihf': [ '4.2.1' ],
148 silly audit   '@tailwindcss/oxide-linux-arm64-gnu': [ '4.2.1' ],
148 silly audit   '@tailwindcss/oxide-linux-arm64-musl': [ '4.2.1' ],
148 silly audit   '@tailwindcss/oxide-linux-x64-gnu': [ '4.2.1' ],
148 silly audit   '@tailwindcss/oxide-linux-x64-musl': [ '4.2.1' ],
148 silly audit   '@tailwindcss/oxide-win32-arm64-msvc': [ '4.2.1' ],
148 silly audit   '@tailwindcss/oxide-win32-x64-msvc': [ '4.2.1' ],
148 silly audit   '@tailwindcss/postcss': [ '4.2.1' ],
148 silly audit   '@tweenjs/tween.js': [ '23.1.3' ],
148 silly audit   '@tybys/wasm-util': [ '0.10.1' ],
148 silly audit   '@types/debug': [ '4.1.12' ],
148 silly audit   '@types/draco3d': [ '1.4.10' ],
148 silly audit   '@types/eslint': [ '9.6.1' ],
148 silly audit   '@types/eslint-scope': [ '3.7.7' ],
148 silly audit   '@types/estree-jsx': [ '1.0.5' ],
148 silly audit   '@types/glob': [ '7.2.0' ],
148 silly audit   '@types/hast': [ '3.0.4' ],
148 silly audit   '@types/json-schema': [ '7.0.15' ],
148 silly audit   '@types/json5': [ '0.0.29' ],
148 silly audit   '@types/mdast': [ '4.0.4' ],
148 silly audit   '@types/mdx': [ '2.0.13' ],
148 silly audit   '@types/minimatch': [ '5.1.2' ],
148 silly audit   '@types/ms': [ '2.1.0' ],
148 silly audit   '@types/node': [ '20.19.37' ],
148 silly audit   '@types/offscreencanvas': [ '2019.7.3' ],
148 silly audit   '@types/react': [ '19.2.14' ],
148 silly audit   '@types/react-dom': [ '19.2.3' ],
148 silly audit   '@types/react-reconciler': [ '0.28.9' ],
148 silly audit   '@types/resolve': [ '1.17.1' ],
148 silly audit   '@types/stats.js': [ '0.17.4' ],
148 silly audit   '@types/three': [ '0.183.1' ],
148 silly audit   '@types/trusted-types': [ '2.0.7' ],
148 silly audit   '@types/unist': [ '3.0.3', '2.0.11' ],
148 silly audit   '@types/webxr': [ '0.5.24' ],
148 silly audit   '@typescript-eslint/eslint-plugin': [ '8.57.0' ],
148 silly audit   ignore: [ '7.0.5', '5.3.2' ],
148 silly audit   '@typescript-eslint/parser': [ '8.57.0' ],
148 silly audit   '@typescript-eslint/project-service': [ '8.57.0' ],
148 silly audit   '@typescript-eslint/scope-manager': [ '8.57.0' ],
148 silly audit   '@typescript-eslint/tsconfig-utils': [ '8.57.0' ],
148 silly audit   '@typescript-eslint/type-utils': [ '8.57.0' ],
148 silly audit   '@typescript-eslint/types': [ '8.57.0' ],
148 silly audit   '@typescript-eslint/typescript-estree': [ '8.57.0' ],
148 silly audit   'balanced-match': [ '4.0.4', '1.0.2' ],
148 silly audit   'brace-expansion': [ '5.0.4', '1.1.12', '2.0.2' ],
148 silly audit   minimatch: [ '10.2.4', '5.1.9', '3.1.5' ],
148 silly audit   semver: [ '7.7.4', '6.3.1' ],
148 silly audit   '@typescript-eslint/utils': [ '8.57.0' ],
148 silly audit   '@typescript-eslint/visitor-keys': [ '8.57.0' ],
148 silly audit   '@ungap/structured-clone': [ '1.3.0' ],
148 silly audit   '@unrs/resolver-binding-android-arm-eabi': [ '1.11.1' ],
148 silly audit   '@unrs/resolver-binding-android-arm64': [ '1.11.1' ],
148 silly audit   '@unrs/resolver-binding-darwin-arm64': [ '1.11.1' ],
148 silly audit   '@unrs/resolver-binding-darwin-x64': [ '1.11.1' ],
148 silly audit   '@unrs/resolver-binding-freebsd-x64': [ '1.11.1' ],
148 silly audit   '@unrs/resolver-binding-linux-arm-gnueabihf': [ '1.11.1' ],
148 silly audit   '@unrs/resolver-binding-linux-arm-musleabihf': [ '1.11.1' ],
148 silly audit   '@unrs/resolver-binding-linux-arm64-gnu': [ '1.11.1' ],
148 silly audit   '@unrs/resolver-binding-linux-arm64-musl': [ '1.11.1' ],
148 silly audit   '@unrs/resolver-binding-linux-ppc64-gnu': [ '1.11.1' ],
148 silly audit   '@unrs/resolver-binding-linux-riscv64-gnu': [ '1.11.1' ],
148 silly audit   '@unrs/resolver-binding-linux-riscv64-musl': [ '1.11.1' ],
148 silly audit   '@unrs/resolver-binding-linux-s390x-gnu': [ '1.11.1' ],
148 silly audit   '@unrs/resolver-binding-linux-x64-gnu': [ '1.11.1' ],
148 silly audit   '@unrs/resolver-binding-linux-x64-musl': [ '1.11.1' ],
148 silly audit   '@unrs/resolver-binding-wasm32-wasi': [ '1.11.1' ],
148 silly audit   '@unrs/resolver-binding-win32-arm64-msvc': [ '1.11.1' ],
148 silly audit   '@unrs/resolver-binding-win32-ia32-msvc': [ '1.11.1' ],
148 silly audit   '@unrs/resolver-binding-win32-x64-msvc': [ '1.11.1' ],
148 silly audit   '@use-gesture/core': [ '10.3.1' ],
148 silly audit   '@use-gesture/react': [ '10.3.1' ],
148 silly audit   '@webassemblyjs/ast': [ '1.14.1' ],
148 silly audit   '@webassemblyjs/floating-point-hex-parser': [ '1.13.2' ],
148 silly audit   '@webassemblyjs/helper-api-error': [ '1.13.2' ],
148 silly audit   '@webassemblyjs/helper-buffer': [ '1.14.1' ],
148 silly audit   '@webassemblyjs/helper-numbers': [ '1.13.2' ],
148 silly audit   '@webassemblyjs/helper-wasm-bytecode': [ '1.13.2' ],
148 silly audit   '@webassemblyjs/helper-wasm-section': [ '1.14.1' ],
148 silly audit   '@webassemblyjs/ieee754': [ '1.13.2' ],
148 silly audit   '@webassemblyjs/leb128': [ '1.13.2' ],
148 silly audit   '@webassemblyjs/utf8': [ '1.13.2' ],
148 silly audit   '@webassemblyjs/wasm-edit': [ '1.14.1' ],
148 silly audit   '@webassemblyjs/wasm-gen': [ '1.14.1' ],
148 silly audit   '@webassemblyjs/wasm-opt': [ '1.14.1' ],
148 silly audit   '@webassemblyjs/wasm-parser': [ '1.14.1' ],
148 silly audit   '@webassemblyjs/wast-printer': [ '1.14.1' ],
148 silly audit   '@webgpu/types': [ '0.1.69' ],
148 silly audit   '@xtuc/ieee754': [ '1.2.0' ],
148 silly audit   '@xtuc/long': [ '4.2.2' ],
148 silly audit   acorn: [ '8.16.0' ],
148 silly audit   'acorn-import-phases': [ '1.0.4' ],
148 silly audit   'acorn-jsx': [ '5.3.2' ],
148 silly audit   ajv: [ '6.14.0', '8.18.0' ],
148 silly audit   'ajv-formats': [ '2.1.1' ],
148 silly audit   'json-schema-traverse': [ '1.0.0', '0.4.1' ],
148 silly audit   'ajv-keywords': [ '3.5.2', '5.1.0' ],
148 silly audit   'ansi-styles': [ '4.3.0' ],
148 silly audit   argparse: [ '2.0.1', '1.0.10' ],
148 silly audit   'aria-query': [ '5.3.2' ],
148 silly audit   'array-buffer-byte-length': [ '1.0.2' ],
148 silly audit   'array-includes': [ '3.1.9' ],
148 silly audit   'array-union': [ '2.1.0', '1.0.2' ],
148 silly audit   'array-uniq': [ '1.0.3' ],
148 silly audit   'array.prototype.findlast': [ '1.2.5' ],
148 silly audit   'array.prototype.findlastindex': [ '1.2.6' ],
148 silly audit   'array.prototype.flat': [ '1.3.3' ],
148 silly audit   'array.prototype.flatmap': [ '1.3.3' ],
148 silly audit   'array.prototype.tosorted': [ '1.1.4' ],
148 silly audit   'arraybuffer.prototype.slice': [ '1.0.4' ],
148 silly audit   'ast-types-flow': [ '0.0.8' ],
148 silly audit   astring: [ '1.9.0' ],
148 silly audit   async: [ '3.2.6' ],
148 silly audit   'async-function': [ '1.0.0' ],
148 silly audit   asynckit: [ '0.4.0' ],
148 silly audit   'at-least-node': [ '1.0.0' ],
148 silly audit   'available-typed-arrays': [ '1.0.7' ],
148 silly audit   'axe-core': [ '4.11.1' ],
148 silly audit   axios: [ '1.13.6' ],
148 silly audit   'axobject-query': [ '4.1.0' ],
148 silly audit   'babel-loader': [ '8.4.1' ],
148 silly audit   'babel-plugin-polyfill-corejs2': [ '0.4.16' ],
148 silly audit   'babel-plugin-polyfill-corejs3': [ '0.14.1' ],
148 silly audit   'babel-plugin-polyfill-regenerator': [ '0.6.7' ],
148 silly audit   bail: [ '2.0.2' ],
148 silly audit   'base64-js': [ '1.5.1' ],
148 silly audit   'baseline-browser-mapping': [ '2.10.0' ],
148 silly audit   'bidi-js': [ '1.0.3' ],
148 silly audit   'big.js': [ '5.2.2' ],
148 silly audit   braces: [ '3.0.3' ],
148 silly audit   browserslist: [ '4.28.1' ],
148 silly audit   buffer: [ '6.0.3' ],
148 silly audit   'buffer-from': [ '1.1.2' ],
148 silly audit   'builtin-modules': [ '3.3.0' ],
148 silly audit   'call-bind': [ '1.0.8' ],
148 silly audit   'call-bind-apply-helpers': [ '1.0.2' ],
148 silly audit   'call-bound': [ '1.0.4' ],
148 silly audit   callsites: [ '3.1.0' ],
148 silly audit   'camera-controls': [ '3.1.2' ],
148 silly audit   'caniuse-lite': [ '1.0.30001777' ],
148 silly audit   ccount: [ '2.0.1' ],
148 silly audit   chalk: [ '4.1.2' ],
148 silly audit   'character-entities': [ '2.0.2' ],
148 silly audit   'character-entities-html4': [ '2.1.0' ],
148 silly audit   'character-entities-legacy': [ '3.0.0' ],
148 silly audit   'character-reference-invalid': [ '2.0.1' ],
148 silly audit   'chrome-trace-event': [ '1.0.4' ],
148 silly audit   'clean-webpack-plugin': [ '4.0.0' ],
148 silly audit   'client-only': [ '0.0.1' ],
148 silly audit   'collapse-white-space': [ '2.1.0' ],
148 silly audit   'color-convert': [ '2.0.1' ],
148 silly audit   'color-name': [ '1.1.4' ],
148 silly audit   'combined-stream': [ '1.0.8' ],
148 silly audit   'comma-separated-tokens': [ '2.0.3' ],
148 silly audit   commander: [ '2.20.3' ],
148 silly audit   'common-tags': [ '1.8.2' ],
148 silly audit   commondir: [ '1.0.1' ],
148 silly audit   'concat-map': [ '0.0.1' ],
148 silly audit   'convert-source-map': [ '2.0.0' ],
148 silly audit   'core-js-compat': [ '3.48.0' ],
148 silly audit   'countup.js': [ '2.10.0' ],
148 silly audit   'cross-env': [ '7.0.3' ],
148 silly audit   'cross-spawn': [ '7.0.6' ],
148 silly audit   'crypto-random-string': [ '2.0.0' ],
148 silly audit   csstype: [ '3.2.3' ],
148 silly audit   'damerau-levenshtein': [ '1.0.8' ],
148 silly audit   'data-view-buffer': [ '1.0.2' ],
148 silly audit   'data-view-byte-length': [ '1.0.2' ],
148 silly audit   'data-view-byte-offset': [ '1.0.1' ],
148 silly audit   debug: [ '4.4.3', '3.2.7' ],
148 silly audit   'decode-named-character-reference': [ '1.3.0' ],
148 silly audit   'deep-is': [ '0.1.4' ],
148 silly audit   deepmerge: [ '4.3.1' ],
148 silly audit   'define-data-property': [ '1.1.4' ],
148 silly audit   'define-properties': [ '1.2.1' ],
148 silly audit   del: [ '4.1.1' ],
148 silly audit   globby: [ '6.1.0', '11.1.0' ],
148 silly audit   pify: [ '2.3.0', '4.0.1' ],
148 silly audit   'delayed-stream': [ '1.0.0' ],
148 silly audit   dequal: [ '2.0.3' ],
148 silly audit   'detect-gpu': [ '5.0.70' ],
148 silly audit   'detect-libc': [ '2.1.2' ],
148 silly audit   devlop: [ '1.1.0' ],
148 silly audit   'dir-glob': [ '3.0.1' ],
148 silly audit   doctrine: [ '2.1.0' ],
148 silly audit   draco3d: [ '1.5.7' ],
148 silly audit   'dunder-proto': [ '1.0.1' ],
148 silly audit   ejs: [ '3.1.10' ],
148 silly audit   'electron-to-chromium': [ '1.5.307' ],
148 silly audit   'emoji-regex': [ '9.2.2' ],
148 silly audit   'emojis-list': [ '3.0.0' ],
148 silly audit   'enhanced-resolve': [ '5.20.0' ],
148 silly audit   'es-abstract': [ '1.24.1' ],
148 silly audit   'es-define-property': [ '1.0.1' ],
148 silly audit   'es-errors': [ '1.3.0' ],
148 silly audit   'es-iterator-helpers': [ '1.2.2' ],
148 silly audit   'es-module-lexer': [ '2.0.0' ],
148 silly audit   'es-object-atoms': [ '1.1.1' ],
148 silly audit   'es-set-tostringtag': [ '2.1.0' ],
148 silly audit   'es-shim-unscopables': [ '1.1.0' ],
148 silly audit   'es-to-primitive': [ '1.3.0' ],
148 silly audit   'esast-util-from-estree': [ '2.0.0' ],
148 silly audit   'esast-util-from-js': [ '2.0.1' ],
148 silly audit   escalade: [ '3.2.0' ],
148 silly audit   'escape-string-regexp': [ '4.0.0' ],
148 silly audit   eslint: [ '9.39.4' ],
148 silly audit   'eslint-config-next': [ '16.1.6' ],
148 silly audit   globals: [ '16.4.0', '14.0.0' ],
148 silly audit   'eslint-import-resolver-node': [ '0.3.9' ],
148 silly audit   'eslint-import-resolver-typescript': [ '3.10.1' ],
148 silly audit   'eslint-module-utils': [ '2.12.1' ],
148 silly audit   'eslint-plugin-import': [ '2.32.0' ],
148 silly audit   'eslint-plugin-jsx-a11y': [ '6.10.2' ],
148 silly audit   'eslint-plugin-react': [ '7.37.5' ],
148 silly audit   'eslint-plugin-react-hooks': [ '7.0.1' ],
148 silly audit   resolve: [ '2.0.0-next.6', '1.22.11' ],
148 silly audit   'eslint-scope': [ '8.4.0', '5.1.1' ],
148 silly audit   espree: [ '10.4.0' ],
148 silly audit   esprima: [ '4.0.1' ],
148 silly audit   esquery: [ '1.7.0' ],
148 silly audit   esrecurse: [ '4.3.0' ],
148 silly audit   estraverse: [ '5.3.0', '4.3.0' ],
148 silly audit   'estree-util-attach-comments': [ '3.0.0' ],
148 silly audit   'estree-util-build-jsx': [ '3.0.1' ],
148 silly audit   'estree-util-is-identifier-name': [ '3.0.0' ],
148 silly audit   'estree-util-scope': [ '1.0.0' ],
148 silly audit   'estree-util-to-js': [ '2.0.0' ],
148 silly audit   'estree-util-visit': [ '2.0.0' ],
148 silly audit   esutils: [ '2.0.3' ],
148 silly audit   events: [ '3.3.0' ],
148 silly audit   extend: [ '3.0.2' ],
148 silly audit   'extend-shallow': [ '2.0.1' ],
148 silly audit   'fast-deep-equal': [ '3.1.3' ],
148 silly audit   'fast-glob': [ '3.3.1' ],
148 silly audit   'glob-parent': [ '5.1.2', '6.0.2' ],
148 silly audit   'fast-json-stable-stringify': [ '2.1.0' ],
148 silly audit   'fast-levenshtein': [ '2.0.6' ],
148 silly audit   'fast-uri': [ '3.1.0' ],
148 silly audit   fastq: [ '1.20.1' ],
148 silly audit   fflate: [ '0.8.2', '0.6.10' ],
148 silly audit   'file-entry-cache': [ '8.0.0' ],
148 silly audit   filelist: [ '1.0.6' ],
148 silly audit   'fill-range': [ '7.1.1' ],
148 silly audit   'find-cache-dir': [ '3.3.2' ],
148 silly audit   'find-up': [ '5.0.0', '4.1.0' ],
148 silly audit   'flat-cache': [ '4.0.1' ],
148 silly audit   flatted: [ '3.4.1' ],
148 silly audit   'follow-redirects': [ '1.15.11' ],
148 silly audit   'for-each': [ '0.3.5' ],
148 silly audit   'form-data': [ '4.0.5' ],
148 silly audit   'framer-motion': [ '12.35.2' ],
148 silly audit   fs: [ '0.0.1-security' ],
148 silly audit   'fs-extra': [ '9.1.0' ],
148 silly audit   'fs.realpath': [ '1.0.0' ],
148 silly audit   fsevents: [ '2.3.3' ],
148 silly audit   'function-bind': [ '1.1.2' ],
148 silly audit   'function.prototype.name': [ '1.1.8' ],
148 silly audit   'functions-have-names': [ '1.2.3' ],
148 silly audit   'generator-function': [ '2.0.1' ],
148 silly audit   gensync: [ '1.0.0-beta.2' ],
148 silly audit   'get-intrinsic': [ '1.3.0' ],
148 silly audit   'get-own-enumerable-property-symbols': [ '3.0.2' ],
148 silly audit   'get-proto': [ '1.0.1' ],
148 silly audit   'get-symbol-description': [ '1.1.0' ],
148 silly audit   'get-tsconfig': [ '4.13.6' ],
148 silly audit   glob: [ '7.2.3' ],
148 silly audit   'glob-to-regexp': [ '0.4.1' ],
148 silly audit   globalthis: [ '1.0.4' ],
148 silly audit   'glsl-noise': [ '0.0.0' ],
148 silly audit   goober: [ '2.1.18' ],
148 silly audit   gopd: [ '1.2.0' ],
148 silly audit   'graceful-fs': [ '4.2.11' ],
148 silly audit   'gray-matter': [ '4.0.3' ],
148 silly audit   'js-yaml': [ '3.14.2', '4.1.1' ],
148 silly audit   'has-bigints': [ '1.1.0' ],
148 silly audit   'has-flag': [ '4.0.0' ],
148 silly audit   'has-property-descriptors': [ '1.0.2' ],
148 silly audit   'has-proto': [ '1.2.0' ],
148 silly audit   'has-symbols': [ '1.1.0' ],
148 silly audit   'has-tostringtag': [ '1.0.2' ],
148 silly audit   hasown: [ '2.0.2' ],
148 silly audit   'hast-util-to-estree': [ '3.1.3' ],
148 silly audit   'hast-util-to-jsx-runtime': [ '2.3.6' ],
148 silly audit   'hast-util-whitespace': [ '3.0.0' ],
148 silly audit   'hermes-estree': [ '0.25.1' ],
148 silly audit   'hermes-parser': [ '0.25.1' ],
148 silly audit   'hls.js': [ '1.6.15' ],
148 silly audit   idb: [ '7.1.1' ],
148 silly audit   ieee754: [ '1.2.1' ],
148 silly audit   immediate: [ '3.0.6' ],
148 silly audit   'import-fresh': [ '3.3.1' ],
148 silly audit   imurmurhash: [ '0.1.4' ],
148 silly audit   inflight: [ '1.0.6' ],
148 silly audit   inherits: [ '2.0.4' ],
148 silly audit   'inline-style-parser': [ '0.2.7' ],
148 silly audit   'internal-slot': [ '1.1.0' ],
148 silly audit   'is-alphabetical': [ '2.0.1' ],
148 silly audit   'is-alphanumerical': [ '2.0.1' ],
148 silly audit   'is-array-buffer': [ '3.0.5' ],
148 silly audit   'is-async-function': [ '2.1.1' ],
148 silly audit   'is-bigint': [ '1.1.0' ],
148 silly audit   'is-boolean-object': [ '1.2.2' ],
148 silly audit   'is-bun-module': [ '2.0.0' ],
148 silly audit   'is-callable': [ '1.2.7' ],
148 silly audit   'is-core-module': [ '2.16.1' ],
148 silly audit   'is-data-view': [ '1.0.2' ],
148 silly audit   'is-date-object': [ '1.1.0' ],
148 silly audit   'is-decimal': [ '2.0.1' ],
148 silly audit   'is-extendable': [ '0.1.1' ],
148 silly audit   'is-extglob': [ '2.1.1' ],
148 silly audit   'is-finalizationregistry': [ '1.1.1' ],
148 silly audit   'is-generator-function': [ '1.1.2' ],
148 silly audit   'is-glob': [ '4.0.3' ],
148 silly audit   'is-hexadecimal': [ '2.0.1' ],
148 silly audit   'is-map': [ '2.0.3' ],
148 silly audit   'is-module': [ '1.0.0' ],
148 silly audit   'is-negative-zero': [ '2.0.3' ],
148 silly audit   'is-number': [ '7.0.0' ],
148 silly audit   'is-number-object': [ '1.1.1' ],
148 silly audit   'is-obj': [ '1.0.1' ],
148 silly audit   'is-path-cwd': [ '2.2.0' ],
148 silly audit   'is-path-in-cwd': [ '2.1.0' ],
148 silly audit   'is-path-inside': [ '2.1.0' ],
148 silly audit   'is-plain-obj': [ '4.1.0' ],
148 silly audit   'is-promise': [ '2.2.2' ],
148 silly audit   'is-regex': [ '1.2.1' ],
148 silly audit   'is-regexp': [ '1.0.0' ],
148 silly audit   'is-set': [ '2.0.3' ],
148 silly audit   'is-shared-array-buffer': [ '1.0.4' ],
148 silly audit   'is-stream': [ '2.0.1' ],
148 silly audit   'is-string': [ '1.1.1' ],
148 silly audit   'is-symbol': [ '1.1.1' ],
148 silly audit   'is-typed-array': [ '1.1.15' ],
148 silly audit   'is-weakmap': [ '2.0.2' ],
148 silly audit   'is-weakref': [ '1.1.1' ],
148 silly audit   'is-weakset': [ '2.0.4' ],
148 silly audit   isarray: [ '2.0.5' ],
148 silly audit   isexe: [ '2.0.0' ],
148 silly audit   'iterator.prototype': [ '1.1.5' ],
148 silly audit   'its-fine': [ '2.0.0' ],
148 silly audit   jake: [ '10.9.4' ],
148 silly audit   'jest-worker': [ '27.5.1', '26.6.2' ],
148 silly audit   'supports-color': [ '8.1.1', '7.2.0' ],
148 silly audit   jiti: [ '2.6.1' ],
148 silly audit   'js-tokens': [ '4.0.0' ],
148 silly audit   jsesc: [ '3.1.0' ],
148 silly audit   'json-buffer': [ '3.0.1' ],
148 silly audit   'json-parse-even-better-errors': [ '2.3.1' ],
148 silly audit   'json-schema': [ '0.4.0' ],
148 silly audit   'json-stable-stringify-without-jsonify': [ '1.0.1' ],
148 silly audit   json5: [ '2.2.3', '1.0.2' ],
148 silly audit   jsonfile: [ '6.2.0' ],
148 silly audit   jsonpointer: [ '5.0.1' ],
148 silly audit   'jsx-ast-utils': [ '3.3.5' ],
148 silly audit   keyv: [ '4.5.4' ],
148 silly audit   'kind-of': [ '6.0.3' ],
148 silly audit   'language-subtag-registry': [ '0.3.23' ],
148 silly audit   'language-tags': [ '1.0.9' ],
148 silly audit   leven: [ '3.1.0' ],
148 silly audit   levn: [ '0.4.1' ],
148 silly audit   lie: [ '3.3.0' ],
148 silly audit   lightningcss: [ '1.31.1' ],
148 silly audit   'lightningcss-android-arm64': [ '1.31.1' ],
148 silly audit   'lightningcss-darwin-arm64': [ '1.31.1' ],
148 silly audit   'lightningcss-darwin-x64': [ '1.31.1' ],
148 silly audit   'lightningcss-freebsd-x64': [ '1.31.1' ],
148 silly audit   'lightningcss-linux-arm-gnueabihf': [ '1.31.1' ],
148 silly audit   'lightningcss-linux-arm64-gnu': [ '1.31.1' ],
148 silly audit   'lightningcss-linux-arm64-musl': [ '1.31.1' ],
148 silly audit   'lightningcss-linux-x64-gnu': [ '1.31.1' ],
148 silly audit   'lightningcss-linux-x64-musl': [ '1.31.1' ],
148 silly audit   'lightningcss-win32-arm64-msvc': [ '1.31.1' ],
148 silly audit   'lightningcss-win32-x64-msvc': [ '1.31.1' ],
148 silly audit   'loader-runner': [ '4.3.1' ],
148 silly audit   'loader-utils': [ '2.0.4' ],
148 silly audit   'locate-path': [ '6.0.0', '5.0.0' ],
148 silly audit   lodash: [ '4.17.23' ],
148 silly audit   'lodash.debounce': [ '4.0.8' ],
148 silly audit   'lodash.merge': [ '4.6.2' ],
148 silly audit   'lodash.sortby': [ '4.7.0' ],
148 silly audit   'longest-streak': [ '3.1.0' ],
148 silly audit   'loose-envify': [ '1.4.0' ],
148 silly audit   'lottie-web': [ '5.13.0' ],
148 silly audit   'lru-cache': [ '5.1.1' ],
148 silly audit   'lucide-react': [ '0.577.0' ],
148 silly audit   maath: [ '0.10.8' ],
148 silly audit   'make-dir': [ '3.1.0' ],
148 silly audit   'markdown-extensions': [ '2.0.0' ],
148 silly audit   'math-intrinsics': [ '1.1.0' ],
148 silly audit   'mdast-util-from-markdown': [ '2.0.3' ],
148 silly audit   'mdast-util-mdx': [ '3.0.0' ],
148 silly audit   'mdast-util-mdx-expression': [ '2.0.1' ],
148 silly audit   'mdast-util-mdx-jsx': [ '3.2.0' ],
148 silly audit   'mdast-util-mdxjs-esm': [ '2.0.1' ],
148 silly audit   'mdast-util-phrasing': [ '4.1.0' ],
148 silly audit   'mdast-util-to-hast': [ '13.2.1' ],
148 silly audit   'mdast-util-to-markdown': [ '2.1.2' ],
148 silly audit   'mdast-util-to-string': [ '4.0.0' ],
148 silly audit   'merge-stream': [ '2.0.0' ],
148 silly audit   merge2: [ '1.4.1' ],
148 silly audit   meshline: [ '3.3.1' ],
148 silly audit   meshoptimizer: [ '1.0.1' ],
148 silly audit   micromark: [ '4.0.2' ],
148 silly audit   'micromark-core-commonmark': [ '2.0.3' ],
148 silly audit   'micromark-extension-mdx-expression': [ '3.0.1' ],
148 silly audit   'micromark-extension-mdx-jsx': [ '3.0.2' ],
148 silly audit   'micromark-extension-mdx-md': [ '2.0.0' ],
148 silly audit   'micromark-extension-mdxjs': [ '3.0.0' ],
148 silly audit   'micromark-extension-mdxjs-esm': [ '3.0.0' ],
148 silly audit   'micromark-factory-destination': [ '2.0.1' ],
148 silly audit   'micromark-factory-label': [ '2.0.1' ],
148 silly audit   'micromark-factory-mdx-expression': [ '2.0.3' ],
148 silly audit   'micromark-factory-space': [ '2.0.1' ],
148 silly audit   'micromark-factory-title': [ '2.0.1' ],
148 silly audit   'micromark-factory-whitespace': [ '2.0.1' ],
148 silly audit   'micromark-util-character': [ '2.1.1' ],
148 silly audit   'micromark-util-chunked': [ '2.0.1' ],
148 silly audit   'micromark-util-classify-character': [ '2.0.1' ],
148 silly audit   'micromark-util-combine-extensions': [ '2.0.1' ],
148 silly audit   'micromark-util-decode-numeric-character-reference': [ '2.0.2' ],
148 silly audit   'micromark-util-decode-string': [ '2.0.1' ],
148 silly audit   'micromark-util-encode': [ '2.0.1' ],
148 silly audit   'micromark-util-events-to-acorn': [ '2.0.3' ],
148 silly audit   'micromark-util-html-tag-name': [ '2.0.1' ],
148 silly audit   'micromark-util-normalize-identifier': [ '2.0.1' ],
148 silly audit   'micromark-util-resolve-all': [ '2.0.1' ],
148 silly audit   'micromark-util-sanitize-uri': [ '2.0.1' ],
148 silly audit   'micromark-util-subtokenize': [ '2.1.0' ],
148 silly audit   'micromark-util-symbol': [ '2.0.1' ],
148 silly audit   'micromark-util-types': [ '2.0.2' ],
148 silly audit   micromatch: [ '4.0.8' ],
148 silly audit   'mime-db': [ '1.52.0' ],
148 silly audit   'mime-types': [ '2.1.35' ],
148 silly audit   minimist: [ '1.2.8' ],
148 silly audit   'motion-dom': [ '12.35.2' ],
148 silly audit   'motion-utils': [ '12.29.2' ],
148 silly audit   ms: [ '2.1.3' ],
148 silly audit   nanoid: [ '3.3.11' ],
148 silly audit   'napi-postinstall': [ '0.3.4' ],
148 silly audit   'natural-compare': [ '1.4.0' ],
148 silly audit   'neo-async': [ '2.6.2' ],
148 silly audit   next: [ '16.1.6' ],
148 silly audit   'next-mdx-remote': [ '6.0.0' ],
148 silly audit   'next-pwa': [ '5.6.0' ],
148 silly audit   'next-themes': [ '0.4.6' ],
148 silly audit   postcss: [ '8.4.31', '8.5.8' ],
148 silly audit   'node-exports-info': [ '1.6.0' ],
148 silly audit   'node-releases': [ '2.0.36' ],
148 silly audit   'object-assign': [ '4.1.1' ],
148 silly audit   'object-inspect': [ '1.13.4' ],
148 silly audit   'object-keys': [ '1.1.1' ],
148 silly audit   'object.assign': [ '4.1.7' ],
148 silly audit   'object.entries': [ '1.1.9' ],
148 silly audit   'object.fromentries': [ '2.0.8' ],
148 silly audit   'object.groupby': [ '1.0.3' ],
148 silly audit   'object.values': [ '1.2.1' ],
148 silly audit   once: [ '1.4.0' ],
148 silly audit   optionator: [ '0.9.4' ],
148 silly audit   'own-keys': [ '1.0.1' ],
148 silly audit   'p-limit': [ '3.1.0', '2.3.0' ],
148 silly audit   'p-locate': [ '5.0.0', '4.1.0' ],
148 silly audit   'p-map': [ '2.1.0' ],
148 silly audit   'p-try': [ '2.2.0' ],
148 silly audit   'parent-module': [ '1.0.1' ],
148 silly audit   'parse-entities': [ '4.0.2' ],
148 silly audit   'path-exists': [ '4.0.0' ],
148 silly audit   'path-is-absolute': [ '1.0.1' ],
148 silly audit   'path-is-inside': [ '1.0.2' ],
148 silly audit   'path-key': [ '3.1.1' ],
148 silly audit   'path-parse': [ '1.0.7' ],
148 silly audit   'path-type': [ '4.0.0' ],
148 silly audit   picocolors: [ '1.1.1' ],
148 silly audit   picomatch: [ '2.3.1', '4.0.3' ],
148 silly audit   pinkie: [ '2.0.4' ],
148 silly audit   'pinkie-promise': [ '2.0.1' ],
148 silly audit   'pkg-dir': [ '4.2.0' ],
148 silly audit   'possible-typed-array-names': [ '1.1.0' ],
148 silly audit   potpack: [ '1.0.2' ],
148 silly audit   'prelude-ls': [ '1.2.1' ],
148 silly audit   'pretty-bytes': [ '5.6.0' ],
148 silly audit   'promise-worker-transferable': [ '1.0.4' ],
148 silly audit   'prop-types': [ '15.8.1' ],
148 silly audit   'property-information': [ '7.1.0' ],
148 silly audit   'proxy-from-env': [ '1.1.0' ],
148 silly audit   punycode: [ '2.3.1' ],
148 silly audit   'queue-microtask': [ '1.2.3' ],
148 silly audit   randombytes: [ '2.1.0' ],
148 silly audit   react: [ '19.2.3' ],
148 silly audit   'react-countup': [ '6.5.3' ],
148 silly audit   'react-dom': [ '19.2.3' ],
148 silly audit   'react-hook-form': [ '7.71.2' ],
148 silly audit   'react-hot-toast': [ '2.6.0' ],
148 silly audit   'react-icons': [ '5.6.0' ],
148 silly audit   'react-intersection-observer': [ '10.0.3' ],
148 silly audit   'react-is': [ '16.13.1' ],
148 silly audit   'react-swipeable': [ '7.0.2' ],
148 silly audit   'react-use-measure': [ '2.1.7' ],
148 silly audit   'reading-time': [ '1.5.0' ],
148 silly audit   'recma-build-jsx': [ '1.0.0' ],
148 silly audit   'recma-jsx': [ '1.0.1' ],
148 silly audit   'recma-parse': [ '1.0.0' ],
148 silly audit   'recma-stringify': [ '1.0.0' ],
148 silly audit   'reflect.getprototypeof': [ '1.0.10' ],
148 silly audit   regenerate: [ '1.4.2' ],
148 silly audit   'regenerate-unicode-properties': [ '10.2.2' ],
148 silly audit   'regexp.prototype.flags': [ '1.5.4' ],
148 silly audit   'regexpu-core': [ '6.4.0' ],
148 silly audit   regjsgen: [ '0.8.0' ],
148 silly audit   regjsparser: [ '0.13.0' ],
148 silly audit   'rehype-recma': [ '1.0.0' ],
148 silly audit   'remark-mdx': [ '3.1.1' ],
148 silly audit   'remark-parse': [ '11.0.0' ],
148 silly audit   'remark-rehype': [ '11.1.2' ],
148 silly audit   'require-from-string': [ '2.0.2' ],
148 silly audit   'resolve-from': [ '4.0.0' ],
148 silly audit   'resolve-pkg-maps': [ '1.0.0' ],
148 silly audit   reusify: [ '1.1.0' ],
148 silly audit   rimraf: [ '2.7.1' ],
148 silly audit   rollup: [ '2.80.0' ],
148 silly audit   'rollup-plugin-terser': [ '7.0.2' ],
148 silly audit   'run-parallel': [ '1.2.0' ],
148 silly audit   'safe-array-concat': [ '1.1.3' ],
148 silly audit   'safe-buffer': [ '5.2.1' ],
148 silly audit   'safe-push-apply': [ '1.0.0' ],
148 silly audit   'safe-regex-test': [ '1.1.0' ],
148 silly audit   scheduler: [ '0.27.0' ],
148 silly audit   'schema-utils': [ '2.7.1', '4.3.3' ],
148 silly audit   'section-matter': [ '1.0.0' ],
148 silly audit   'serialize-javascript': [ '4.0.0' ],
148 silly audit   'set-function-length': [ '1.2.2' ],
148 silly audit   'set-function-name': [ '2.0.2' ],
148 silly audit   'set-proto': [ '1.0.0' ],
148 silly audit   sharp: [ '0.34.5' ],
148 silly audit   'shebang-command': [ '2.0.0' ],
148 silly audit   'shebang-regex': [ '3.0.0' ],
148 silly audit   'side-channel': [ '1.1.0' ],
148 silly audit   'side-channel-list': [ '1.0.0' ],
148 silly audit   'side-channel-map': [ '1.0.1' ],
148 silly audit   'side-channel-weakmap': [ '1.0.2' ],
148 silly audit   slash: [ '3.0.0' ],
148 silly audit   'source-list-map': [ '2.0.1' ],
148 silly audit   'source-map': [ '0.7.6', '0.6.1', '0.8.0-beta.0' ],
148 silly audit   'source-map-js': [ '1.2.1' ],
148 silly audit   'source-map-support': [ '0.5.21' ],
148 silly audit   'sourcemap-codec': [ '1.4.8' ],
148 silly audit   'space-separated-tokens': [ '2.0.2' ],
148 silly audit   'sprintf-js': [ '1.0.3' ],
148 silly audit   'stable-hash': [ '0.0.5' ],
148 silly audit   'stats-gl': [ '2.4.2' ],
148 silly audit   three: [ '0.170.0', '0.183.2' ],
148 silly audit   'stats.js': [ '0.17.0' ],
148 silly audit   'stop-iteration-iterator': [ '1.1.0' ],
148 silly audit   'string.prototype.includes': [ '2.0.1' ],
148 silly audit   'string.prototype.matchall': [ '4.0.12' ],
148 silly audit   'string.prototype.repeat': [ '1.0.0' ],
148 silly audit   'string.prototype.trim': [ '1.2.10' ],
148 silly audit   'string.prototype.trimend': [ '1.0.9' ],
148 silly audit   'string.prototype.trimstart': [ '1.0.8' ],
148 silly audit   'stringify-entities': [ '4.0.4' ],
148 silly audit   'stringify-object': [ '3.3.0' ],
148 silly audit   'strip-bom': [ '3.0.0' ],
148 silly audit   'strip-bom-string': [ '1.0.0' ],
148 silly audit   'strip-comments': [ '2.0.1' ],
148 silly audit   'strip-json-comments': [ '3.1.1' ],
148 silly audit   stripe: [ '20.4.1' ],
148 silly audit   'style-to-js': [ '1.1.21' ],
148 silly audit   'style-to-object': [ '1.0.14' ],
148 silly audit   'styled-jsx': [ '5.1.6' ],
148 silly audit   'supports-preserve-symlinks-flag': [ '1.0.0' ],
148 silly audit   'suspend-react': [ '0.1.3' ],
148 silly audit   tailwindcss: [ '4.2.1' ],
148 silly audit   tapable: [ '2.3.0' ],
148 silly audit   'temp-dir': [ '2.0.0' ],
148 silly audit   tempy: [ '0.6.0' ],
148 silly audit   terser: [ '5.46.0' ],
148 silly audit   'terser-webpack-plugin': [ '5.4.0' ],
148 silly audit   'three-mesh-bvh': [ '0.8.3' ],
148 silly audit   'three-stdlib': [ '2.36.1' ],
148 silly audit   tinyglobby: [ '0.2.15' ],
148 silly audit   fdir: [ '6.5.0' ],
148 silly audit   'to-regex-range': [ '5.0.1' ],
148 silly audit   tr46: [ '1.0.1' ],
148 silly audit   'trim-lines': [ '3.0.1' ],
148 silly audit   'troika-three-text': [ '0.52.4' ],
148 silly audit   'troika-three-utils': [ '0.52.4' ],
148 silly audit   'troika-worker-utils': [ '0.52.0' ],
148 silly audit   trough: [ '2.2.0' ],
148 silly audit   'ts-api-utils': [ '2.4.0' ],
148 silly audit   'tsconfig-paths': [ '3.15.0' ],
148 silly audit   tslib: [ '2.8.1' ],
148 silly audit   'tunnel-rat': [ '0.1.2' ],
148 silly audit   zustand: [ '4.5.7', '5.0.11' ],
148 silly audit   'type-check': [ '0.4.0' ],
148 silly audit   'type-fest': [ '0.16.0' ],
148 silly audit   'typed-array-buffer': [ '1.0.3' ],
148 silly audit   'typed-array-byte-length': [ '1.0.3' ],
148 silly audit   'typed-array-byte-offset': [ '1.0.4' ],
148 silly audit   'typed-array-length': [ '1.0.7' ],
148 silly audit   typescript: [ '5.9.3' ],
148 silly audit   'typescript-eslint': [ '8.57.0' ],
148 silly audit   'unbox-primitive': [ '1.1.0' ],
148 silly audit   'undici-types': [ '6.21.0' ],
148 silly audit   'unicode-canonical-property-names-ecmascript': [ '2.0.1' ],
148 silly audit   'unicode-match-property-ecmascript': [ '2.0.0' ],
148 silly audit   'unicode-match-property-value-ecmascript': [ '2.2.1' ],
148 silly audit   'unicode-property-aliases-ecmascript': [ '2.2.0' ],
148 silly audit   unified: [ '11.0.5' ],
148 silly audit   'unique-string': [ '2.0.0' ],
148 silly audit   'unist-util-is': [ '6.0.1' ],
148 silly audit   'unist-util-position': [ '5.0.0' ],
148 silly audit   'unist-util-position-from-estree': [ '2.0.0' ],
148 silly audit   'unist-util-remove': [ '4.0.0' ],
148 silly audit   'unist-util-stringify-position': [ '4.0.0' ],
148 silly audit   'unist-util-visit': [ '5.1.0' ],
148 silly audit   'unist-util-visit-parents': [ '6.0.2' ],
148 silly audit   universalify: [ '2.0.1' ],
148 silly audit   'unrs-resolver': [ '1.11.1' ],
148 silly audit   upath: [ '1.2.0' ],
148 silly audit   'update-browserslist-db': [ '1.2.3' ],
148 silly audit   'uri-js': [ '4.4.1' ],
148 silly audit   'use-sync-external-store': [ '1.6.0' ],
148 silly audit   'utility-types': [ '3.11.0' ],
148 silly audit   vfile: [ '6.0.3' ],
148 silly audit   'vfile-matter': [ '5.0.1' ],
148 silly audit   'vfile-message': [ '4.0.3' ],
148 silly audit   watchpack: [ '2.5.1' ],
148 silly audit   'webgl-constants': [ '1.1.1' ],
148 silly audit   'webgl-sdf-generator': [ '1.1.1' ],
148 silly audit   'webidl-conversions': [ '4.0.2' ],
148 silly audit   webpack: [ '5.105.4' ],
148 silly audit   'webpack-sources': [ '3.3.4', '1.4.3' ],
148 silly audit   'whatwg-url': [ '7.1.0' ],
148 silly audit   which: [ '2.0.2' ],
148 silly audit   'which-boxed-primitive': [ '1.1.1' ],
148 silly audit   'which-builtin-type': [ '1.2.1' ],
148 silly audit   'which-collection': [ '1.0.2' ],
148 silly audit   'which-typed-array': [ '1.1.20' ],
148 silly audit   'word-wrap': [ '1.2.5' ],
148 silly audit   'workbox-background-sync': [ '6.6.0' ],
148 silly audit   'workbox-broadcast-update': [ '6.6.0' ],
148 silly audit   'workbox-build': [ '6.6.0' ],
148 silly audit   '@apideck/better-ajv-errors': [ '0.3.6' ],
148 silly audit   'workbox-cacheable-response': [ '6.6.0' ],
148 silly audit   'workbox-core': [ '6.6.0' ],
148 silly audit   'workbox-expiration': [ '6.6.0' ],
148 silly audit   'workbox-google-analytics': [ '6.6.0' ],
148 silly audit   'workbox-navigation-preload': [ '6.6.0' ],
148 silly audit   'workbox-precaching': [ '6.6.0' ],
148 silly audit   'workbox-range-requests': [ '6.6.0' ],
148 silly audit   'workbox-recipes': [ '6.6.0' ],
148 silly audit   'workbox-routing': [ '6.6.0' ],
148 silly audit   'workbox-strategies': [ '6.6.0' ],
148 silly audit   'workbox-streams': [ '6.6.0' ],
148 silly audit   'workbox-sw': [ '6.6.0' ],
148 silly audit   'workbox-webpack-plugin': [ '6.6.0' ],
148 silly audit   'workbox-window': [ '6.6.0' ],
148 silly audit   wrappy: [ '1.0.2' ],
148 silly audit   yallist: [ '3.1.1' ],
148 silly audit   yaml: [ '2.8.2' ],
148 silly audit   'yocto-queue': [ '0.1.0' ],
148 silly audit   zod: [ '4.3.6' ],
148 silly audit   'zod-validation-error': [ '4.0.2' ],
148 silly audit   zwitch: [ '2.0.4' ],
148 silly audit   '@vercel/analytics': [ '2.0.1' ],
148 silly audit   '@tailwindcss/oxide-wasm32-wasi': [ '4.2.1' ]
148 silly audit }
149 verbose reify failed optional dependency C:\xampp\htdocs\lengo-web1 - Copie\node_modules\lightningcss-win32-arm64-msvc
150 silly reify mark deleted [
150 silly reify   'C:\\xampp\\htdocs\\lengo-web1 - Copie\\node_modules\\lightningcss-win32-arm64-msvc'
150 silly reify ]
151 verbose reify failed optional dependency C:\xampp\htdocs\lengo-web1 - Copie\node_modules\lightningcss-linux-x64-musl
152 silly reify mark deleted [
152 silly reify   'C:\\xampp\\htdocs\\lengo-web1 - Copie\\node_modules\\lightningcss-linux-x64-musl'
152 silly reify ]
153 verbose reify failed optional dependency C:\xampp\htdocs\lengo-web1 - Copie\node_modules\lightningcss-linux-x64-gnu
154 silly reify mark deleted [
154 silly reify   'C:\\xampp\\htdocs\\lengo-web1 - Copie\\node_modules\\lightningcss-linux-x64-gnu'
154 silly reify ]
155 verbose reify failed optional dependency C:\xampp\htdocs\lengo-web1 - Copie\node_modules\lightningcss-linux-arm64-musl
156 silly reify mark deleted [
156 silly reify   'C:\\xampp\\htdocs\\lengo-web1 - Copie\\node_modules\\lightningcss-linux-arm64-musl'
156 silly reify ]
157 verbose reify failed optional dependency C:\xampp\htdocs\lengo-web1 - Copie\node_modules\lightningcss-linux-arm64-gnu
158 silly reify mark deleted [
158 silly reify   'C:\\xampp\\htdocs\\lengo-web1 - Copie\\node_modules\\lightningcss-linux-arm64-gnu'
158 silly reify ]
159 verbose reify failed optional dependency C:\xampp\htdocs\lengo-web1 - Copie\node_modules\lightningcss-linux-arm-gnueabihf
160 silly reify mark deleted [
160 silly reify   'C:\\xampp\\htdocs\\lengo-web1 - Copie\\node_modules\\lightningcss-linux-arm-gnueabihf'
160 silly reify ]
161 verbose reify failed optional dependency C:\xampp\htdocs\lengo-web1 - Copie\node_modules\lightningcss-freebsd-x64
162 silly reify mark deleted [
162 silly reify   'C:\\xampp\\htdocs\\lengo-web1 - Copie\\node_modules\\lightningcss-freebsd-x64'
162 silly reify ]
163 verbose reify failed optional dependency C:\xampp\htdocs\lengo-web1 - Copie\node_modules\lightningcss-darwin-x64
164 silly reify mark deleted [
164 silly reify   'C:\\xampp\\htdocs\\lengo-web1 - Copie\\node_modules\\lightningcss-darwin-x64'
164 silly reify ]
165 verbose reify failed optional dependency C:\xampp\htdocs\lengo-web1 - Copie\node_modules\lightningcss-darwin-arm64
166 silly reify mark deleted [
166 silly reify   'C:\\xampp\\htdocs\\lengo-web1 - Copie\\node_modules\\lightningcss-darwin-arm64'
166 silly reify ]
167 verbose reify failed optional dependency C:\xampp\htdocs\lengo-web1 - Copie\node_modules\lightningcss-android-arm64
168 silly reify mark deleted [
168 silly reify   'C:\\xampp\\htdocs\\lengo-web1 - Copie\\node_modules\\lightningcss-android-arm64'
168 silly reify ]
169 verbose reify failed optional dependency C:\xampp\htdocs\lengo-web1 - Copie\node_modules\fsevents
170 silly reify mark deleted [ 'C:\\xampp\\htdocs\\lengo-web1 - Copie\\node_modules\\fsevents' ]
171 verbose reify failed optional dependency C:\xampp\htdocs\lengo-web1 - Copie\node_modules\@unrs\resolver-binding-win32-ia32-msvc
172 silly reify mark deleted [
172 silly reify   'C:\\xampp\\htdocs\\lengo-web1 - Copie\\node_modules\\@unrs\\resolver-binding-win32-ia32-msvc'
172 silly reify ]
173 verbose reify failed optional dependency C:\xampp\htdocs\lengo-web1 - Copie\node_modules\@unrs\resolver-binding-win32-arm64-msvc
174 silly reify mark deleted [
174 silly reify   'C:\\xampp\\htdocs\\lengo-web1 - Copie\\node_modules\\@unrs\\resolver-binding-win32-arm64-msvc'
174 silly reify ]
175 verbose reify failed optional dependency C:\xampp\htdocs\lengo-web1 - Copie\node_modules\@unrs\resolver-binding-wasm32-wasi
176 silly reify mark deleted [
176 silly reify   'C:\\xampp\\htdocs\\lengo-web1 - Copie\\node_modules\\@unrs\\resolver-binding-wasm32-wasi'
176 silly reify ]
177 verbose reify failed optional dependency C:\xampp\htdocs\lengo-web1 - Copie\node_modules\@unrs\resolver-binding-linux-x64-musl
178 silly reify mark deleted [
178 silly reify   'C:\\xampp\\htdocs\\lengo-web1 - Copie\\node_modules\\@unrs\\resolver-binding-linux-x64-musl'
178 silly reify ]
179 verbose reify failed optional dependency C:\xampp\htdocs\lengo-web1 - Copie\node_modules\@unrs\resolver-binding-linux-x64-gnu
180 silly reify mark deleted [
180 silly reify   'C:\\xampp\\htdocs\\lengo-web1 - Copie\\node_modules\\@unrs\\resolver-binding-linux-x64-gnu'
180 silly reify ]
181 verbose reify failed optional dependency C:\xampp\htdocs\lengo-web1 - Copie\node_modules\@unrs\resolver-binding-linux-s390x-gnu
182 silly reify mark deleted [
182 silly reify   'C:\\xampp\\htdocs\\lengo-web1 - Copie\\node_modules\\@unrs\\resolver-binding-linux-s390x-gnu'
182 silly reify ]
183 verbose reify failed optional dependency C:\xampp\htdocs\lengo-web1 - Copie\node_modules\@unrs\resolver-binding-linux-riscv64-musl
184 silly reify mark deleted [
184 silly reify   'C:\\xampp\\htdocs\\lengo-web1 - Copie\\node_modules\\@unrs\\resolver-binding-linux-riscv64-musl'
184 silly reify ]
185 verbose reify failed optional dependency C:\xampp\htdocs\lengo-web1 - Copie\node_modules\@unrs\resolver-binding-linux-riscv64-gnu
186 silly reify mark deleted [
186 silly reify   'C:\\xampp\\htdocs\\lengo-web1 - Copie\\node_modules\\@unrs\\resolver-binding-linux-riscv64-gnu'
186 silly reify ]
187 verbose reify failed optional dependency C:\xampp\htdocs\lengo-web1 - Copie\node_modules\@unrs\resolver-binding-linux-ppc64-gnu
188 silly reify mark deleted [
188 silly reify   'C:\\xampp\\htdocs\\lengo-web1 - Copie\\node_modules\\@unrs\\resolver-binding-linux-ppc64-gnu'
188 silly reify ]
189 verbose reify failed optional dependency C:\xampp\htdocs\lengo-web1 - Copie\node_modules\@unrs\resolver-binding-linux-arm64-musl
190 silly reify mark deleted [
190 silly reify   'C:\\xampp\\htdocs\\lengo-web1 - Copie\\node_modules\\@unrs\\resolver-binding-linux-arm64-musl'
190 silly reify ]
191 verbose reify failed optional dependency C:\xampp\htdocs\lengo-web1 - Copie\node_modules\@unrs\resolver-binding-linux-arm64-gnu
192 silly reify mark deleted [
192 silly reify   'C:\\xampp\\htdocs\\lengo-web1 - Copie\\node_modules\\@unrs\\resolver-binding-linux-arm64-gnu'
192 silly reify ]
193 verbose reify failed optional dependency C:\xampp\htdocs\lengo-web1 - Copie\node_modules\@unrs\resolver-binding-linux-arm-musleabihf
194 silly reify mark deleted [
194 silly reify   'C:\\xampp\\htdocs\\lengo-web1 - Copie\\node_modules\\@unrs\\resolver-binding-linux-arm-musleabihf'
194 silly reify ]
195 verbose reify failed optional dependency C:\xampp\htdocs\lengo-web1 - Copie\node_modules\@unrs\resolver-binding-linux-arm-gnueabihf
196 silly reify mark deleted [
196 silly reify   'C:\\xampp\\htdocs\\lengo-web1 - Copie\\node_modules\\@unrs\\resolver-binding-linux-arm-gnueabihf'
196 silly reify ]
197 verbose reify failed optional dependency C:\xampp\htdocs\lengo-web1 - Copie\node_modules\@unrs\resolver-binding-freebsd-x64
198 silly reify mark deleted [
198 silly reify   'C:\\xampp\\htdocs\\lengo-web1 - Copie\\node_modules\\@unrs\\resolver-binding-freebsd-x64'
198 silly reify ]
199 verbose reify failed optional dependency C:\xampp\htdocs\lengo-web1 - Copie\node_modules\@unrs\resolver-binding-darwin-x64
200 silly reify mark deleted [
200 silly reify   'C:\\xampp\\htdocs\\lengo-web1 - Copie\\node_modules\\@unrs\\resolver-binding-darwin-x64'
200 silly reify ]
201 verbose reify failed optional dependency C:\xampp\htdocs\lengo-web1 - Copie\node_modules\@unrs\resolver-binding-darwin-arm64
202 silly reify mark deleted [
202 silly reify   'C:\\xampp\\htdocs\\lengo-web1 - Copie\\node_modules\\@unrs\\resolver-binding-darwin-arm64'
202 silly reify ]
203 verbose reify failed optional dependency C:\xampp\htdocs\lengo-web1 - Copie\node_modules\@unrs\resolver-binding-android-arm64
204 silly reify mark deleted [
204 silly reify   'C:\\xampp\\htdocs\\lengo-web1 - Copie\\node_modules\\@unrs\\resolver-binding-android-arm64'
204 silly reify ]
205 verbose reify failed optional dependency C:\xampp\htdocs\lengo-web1 - Copie\node_modules\@unrs\resolver-binding-android-arm-eabi
206 silly reify mark deleted [
206 silly reify   'C:\\xampp\\htdocs\\lengo-web1 - Copie\\node_modules\\@unrs\\resolver-binding-android-arm-eabi'
206 silly reify ]
207 verbose reify failed optional dependency C:\xampp\htdocs\lengo-web1 - Copie\node_modules\@tailwindcss\oxide-win32-arm64-msvc
208 silly reify mark deleted [
208 silly reify   'C:\\xampp\\htdocs\\lengo-web1 - Copie\\node_modules\\@tailwindcss\\oxide-win32-arm64-msvc'
208 silly reify ]
209 verbose reify failed optional dependency C:\xampp\htdocs\lengo-web1 - Copie\node_modules\@tailwindcss\oxide-linux-x64-musl
210 silly reify mark deleted [
210 silly reify   'C:\\xampp\\htdocs\\lengo-web1 - Copie\\node_modules\\@tailwindcss\\oxide-linux-x64-musl'
210 silly reify ]
211 verbose reify failed optional dependency C:\xampp\htdocs\lengo-web1 - Copie\node_modules\@tailwindcss\oxide-linux-x64-gnu
212 silly reify mark deleted [
212 silly reify   'C:\\xampp\\htdocs\\lengo-web1 - Copie\\node_modules\\@tailwindcss\\oxide-linux-x64-gnu'
212 silly reify ]
213 verbose reify failed optional dependency C:\xampp\htdocs\lengo-web1 - Copie\node_modules\@tailwindcss\oxide-linux-arm64-musl
214 silly reify mark deleted [
214 silly reify   'C:\\xampp\\htdocs\\lengo-web1 - Copie\\node_modules\\@tailwindcss\\oxide-linux-arm64-musl'
214 silly reify ]
215 verbose reify failed optional dependency C:\xampp\htdocs\lengo-web1 - Copie\node_modules\@tailwindcss\oxide-linux-arm64-gnu
216 silly reify mark deleted [
216 silly reify   'C:\\xampp\\htdocs\\lengo-web1 - Copie\\node_modules\\@tailwindcss\\oxide-linux-arm64-gnu'
216 silly reify ]
217 verbose reify failed optional dependency C:\xampp\htdocs\lengo-web1 - Copie\node_modules\@tailwindcss\oxide-linux-arm-gnueabihf
218 silly reify mark deleted [
218 silly reify   'C:\\xampp\\htdocs\\lengo-web1 - Copie\\node_modules\\@tailwindcss\\oxide-linux-arm-gnueabihf'
218 silly reify ]
219 verbose reify failed optional dependency C:\xampp\htdocs\lengo-web1 - Copie\node_modules\@tailwindcss\oxide-freebsd-x64
220 silly reify mark deleted [
220 silly reify   'C:\\xampp\\htdocs\\lengo-web1 - Copie\\node_modules\\@tailwindcss\\oxide-freebsd-x64'
220 silly reify ]
221 verbose reify failed optional dependency C:\xampp\htdocs\lengo-web1 - Copie\node_modules\@tailwindcss\oxide-darwin-x64
222 silly reify mark deleted [
222 silly reify   'C:\\xampp\\htdocs\\lengo-web1 - Copie\\node_modules\\@tailwindcss\\oxide-darwin-x64'
222 silly reify ]
223 verbose reify failed optional dependency C:\xampp\htdocs\lengo-web1 - Copie\node_modules\@tailwindcss\oxide-darwin-arm64
224 silly reify mark deleted [
224 silly reify   'C:\\xampp\\htdocs\\lengo-web1 - Copie\\node_modules\\@tailwindcss\\oxide-darwin-arm64'
224 silly reify ]
225 verbose reify failed optional dependency C:\xampp\htdocs\lengo-web1 - Copie\node_modules\@tailwindcss\oxide-android-arm64
226 silly reify mark deleted [
226 silly reify   'C:\\xampp\\htdocs\\lengo-web1 - Copie\\node_modules\\@tailwindcss\\oxide-android-arm64'
226 silly reify ]
227 verbose reify failed optional dependency C:\xampp\htdocs\lengo-web1 - Copie\node_modules\@next\swc-win32-arm64-msvc
228 silly reify mark deleted [
228 silly reify   'C:\\xampp\\htdocs\\lengo-web1 - Copie\\node_modules\\@next\\swc-win32-arm64-msvc'
228 silly reify ]
229 verbose reify failed optional dependency C:\xampp\htdocs\lengo-web1 - Copie\node_modules\@next\swc-linux-x64-musl
230 silly reify mark deleted [
230 silly reify   'C:\\xampp\\htdocs\\lengo-web1 - Copie\\node_modules\\@next\\swc-linux-x64-musl'
230 silly reify ]
231 verbose reify failed optional dependency C:\xampp\htdocs\lengo-web1 - Copie\node_modules\@next\swc-linux-x64-gnu
232 silly reify mark deleted [
232 silly reify   'C:\\xampp\\htdocs\\lengo-web1 - Copie\\node_modules\\@next\\swc-linux-x64-gnu'
232 silly reify ]
233 verbose reify failed optional dependency C:\xampp\htdocs\lengo-web1 - Copie\node_modules\@next\swc-linux-arm64-musl
234 silly reify mark deleted [
234 silly reify   'C:\\xampp\\htdocs\\lengo-web1 - Copie\\node_modules\\@next\\swc-linux-arm64-musl'
234 silly reify ]
235 verbose reify failed optional dependency C:\xampp\htdocs\lengo-web1 - Copie\node_modules\@next\swc-linux-arm64-gnu
236 silly reify mark deleted [
236 silly reify   'C:\\xampp\\htdocs\\lengo-web1 - Copie\\node_modules\\@next\\swc-linux-arm64-gnu'
236 silly reify ]
237 verbose reify failed optional dependency C:\xampp\htdocs\lengo-web1 - Copie\node_modules\@next\swc-darwin-x64
238 silly reify mark deleted [
238 silly reify   'C:\\xampp\\htdocs\\lengo-web1 - Copie\\node_modules\\@next\\swc-darwin-x64'
238 silly reify ]
239 verbose reify failed optional dependency C:\xampp\htdocs\lengo-web1 - Copie\node_modules\@next\swc-darwin-arm64
240 silly reify mark deleted [
240 silly reify   'C:\\xampp\\htdocs\\lengo-web1 - Copie\\node_modules\\@next\\swc-darwin-arm64'
240 silly reify ]
241 verbose reify failed optional dependency C:\xampp\htdocs\lengo-web1 - Copie\node_modules\@img\sharp-win32-ia32
242 silly reify mark deleted [
242 silly reify   'C:\\xampp\\htdocs\\lengo-web1 - Copie\\node_modules\\@img\\sharp-win32-ia32'
242 silly reify ]
243 verbose reify failed optional dependency C:\xampp\htdocs\lengo-web1 - Copie\node_modules\@img\sharp-win32-arm64
244 silly reify mark deleted [
244 silly reify   'C:\\xampp\\htdocs\\lengo-web1 - Copie\\node_modules\\@img\\sharp-win32-arm64'
244 silly reify ]
245 verbose reify failed optional dependency C:\xampp\htdocs\lengo-web1 - Copie\node_modules\@img\sharp-wasm32
246 silly reify mark deleted [
246 silly reify   'C:\\xampp\\htdocs\\lengo-web1 - Copie\\node_modules\\@img\\sharp-wasm32'
246 silly reify ]
247 verbose reify failed optional dependency C:\xampp\htdocs\lengo-web1 - Copie\node_modules\@img\sharp-linuxmusl-x64
248 silly reify mark deleted [
248 silly reify   'C:\\xampp\\htdocs\\lengo-web1 - Copie\\node_modules\\@img\\sharp-linuxmusl-x64'
248 silly reify ]
249 verbose reify failed optional dependency C:\xampp\htdocs\lengo-web1 - Copie\node_modules\@img\sharp-linuxmusl-arm64
250 silly reify mark deleted [
250 silly reify   'C:\\xampp\\htdocs\\lengo-web1 - Copie\\node_modules\\@img\\sharp-linuxmusl-arm64'
250 silly reify ]
251 verbose reify failed optional dependency C:\xampp\htdocs\lengo-web1 - Copie\node_modules\@img\sharp-linux-x64
252 silly reify mark deleted [
252 silly reify   'C:\\xampp\\htdocs\\lengo-web1 - Copie\\node_modules\\@img\\sharp-linux-x64'
252 silly reify ]
253 verbose reify failed optional dependency C:\xampp\htdocs\lengo-web1 - Copie\node_modules\@img\sharp-linux-s390x
254 silly reify mark deleted [
254 silly reify   'C:\\xampp\\htdocs\\lengo-web1 - Copie\\node_modules\\@img\\sharp-linux-s390x'
254 silly reify ]
255 verbose reify failed optional dependency C:\xampp\htdocs\lengo-web1 - Copie\node_modules\@img\sharp-linux-riscv64
256 silly reify mark deleted [
256 silly reify   'C:\\xampp\\htdocs\\lengo-web1 - Copie\\node_modules\\@img\\sharp-linux-riscv64'
256 silly reify ]
257 verbose reify failed optional dependency C:\xampp\htdocs\lengo-web1 - Copie\node_modules\@img\sharp-linux-ppc64
258 silly reify mark deleted [
258 silly reify   'C:\\xampp\\htdocs\\lengo-web1 - Copie\\node_modules\\@img\\sharp-linux-ppc64'
258 silly reify ]
259 verbose reify failed optional dependency C:\xampp\htdocs\lengo-web1 - Copie\node_modules\@img\sharp-linux-arm64
260 silly reify mark deleted [
260 silly reify   'C:\\xampp\\htdocs\\lengo-web1 - Copie\\node_modules\\@img\\sharp-linux-arm64'
260 silly reify ]
261 verbose reify failed optional dependency C:\xampp\htdocs\lengo-web1 - Copie\node_modules\@img\sharp-linux-arm
262 silly reify mark deleted [
262 silly reify   'C:\\xampp\\htdocs\\lengo-web1 - Copie\\node_modules\\@img\\sharp-linux-arm'
262 silly reify ]
263 verbose reify failed optional dependency C:\xampp\htdocs\lengo-web1 - Copie\node_modules\@img\sharp-libvips-linuxmusl-x64
264 silly reify mark deleted [
264 silly reify   'C:\\xampp\\htdocs\\lengo-web1 - Copie\\node_modules\\@img\\sharp-libvips-linuxmusl-x64'
264 silly reify ]
265 verbose reify failed optional dependency C:\xampp\htdocs\lengo-web1 - Copie\node_modules\@img\sharp-libvips-linuxmusl-arm64
266 silly reify mark deleted [
266 silly reify   'C:\\xampp\\htdocs\\lengo-web1 - Copie\\node_modules\\@img\\sharp-libvips-linuxmusl-arm64'
266 silly reify ]
267 verbose reify failed optional dependency C:\xampp\htdocs\lengo-web1 - Copie\node_modules\@img\sharp-libvips-linux-x64
268 silly reify mark deleted [
268 silly reify   'C:\\xampp\\htdocs\\lengo-web1 - Copie\\node_modules\\@img\\sharp-libvips-linux-x64'
268 silly reify ]
269 verbose reify failed optional dependency C:\xampp\htdocs\lengo-web1 - Copie\node_modules\@img\sharp-libvips-linux-s390x
270 silly reify mark deleted [
270 silly reify   'C:\\xampp\\htdocs\\lengo-web1 - Copie\\node_modules\\@img\\sharp-libvips-linux-s390x'
270 silly reify ]
271 verbose reify failed optional dependency C:\xampp\htdocs\lengo-web1 - Copie\node_modules\@img\sharp-libvips-linux-riscv64
272 silly reify mark deleted [
272 silly reify   'C:\\xampp\\htdocs\\lengo-web1 - Copie\\node_modules\\@img\\sharp-libvips-linux-riscv64'
272 silly reify ]
273 verbose reify failed optional dependency C:\xampp\htdocs\lengo-web1 - Copie\node_modules\@img\sharp-libvips-linux-ppc64
274 silly reify mark deleted [
274 silly reify   'C:\\xampp\\htdocs\\lengo-web1 - Copie\\node_modules\\@img\\sharp-libvips-linux-ppc64'
274 silly reify ]
275 verbose reify failed optional dependency C:\xampp\htdocs\lengo-web1 - Copie\node_modules\@img\sharp-libvips-linux-arm64
276 silly reify mark deleted [
276 silly reify   'C:\\xampp\\htdocs\\lengo-web1 - Copie\\node_modules\\@img\\sharp-libvips-linux-arm64'
276 silly reify ]
277 verbose reify failed optional dependency C:\xampp\htdocs\lengo-web1 - Copie\node_modules\@img\sharp-libvips-linux-arm
278 silly reify mark deleted [
278 silly reify   'C:\\xampp\\htdocs\\lengo-web1 - Copie\\node_modules\\@img\\sharp-libvips-linux-arm'
278 silly reify ]
279 verbose reify failed optional dependency C:\xampp\htdocs\lengo-web1 - Copie\node_modules\@img\sharp-libvips-darwin-x64
280 silly reify mark deleted [
280 silly reify   'C:\\xampp\\htdocs\\lengo-web1 - Copie\\node_modules\\@img\\sharp-libvips-darwin-x64'
280 silly reify ]
281 verbose reify failed optional dependency C:\xampp\htdocs\lengo-web1 - Copie\node_modules\@img\sharp-libvips-darwin-arm64
282 silly reify mark deleted [
282 silly reify   'C:\\xampp\\htdocs\\lengo-web1 - Copie\\node_modules\\@img\\sharp-libvips-darwin-arm64'
282 silly reify ]
283 verbose reify failed optional dependency C:\xampp\htdocs\lengo-web1 - Copie\node_modules\@img\sharp-darwin-x64
284 silly reify mark deleted [
284 silly reify   'C:\\xampp\\htdocs\\lengo-web1 - Copie\\node_modules\\@img\\sharp-darwin-x64'
284 silly reify ]
285 verbose reify failed optional dependency C:\xampp\htdocs\lengo-web1 - Copie\node_modules\@img\sharp-darwin-arm64
286 silly reify mark deleted [
286 silly reify   'C:\\xampp\\htdocs\\lengo-web1 - Copie\\node_modules\\@img\\sharp-darwin-arm64'
286 silly reify ]
287 http cache @vercel/analytics@https://registry.npmjs.org/@vercel/analytics/-/analytics-2.0.1.tgz 2ms (cache hit)
288 silly tarball no local data for @vercel/analytics@https://registry.npmjs.org/@vercel/analytics/-/analytics-2.0.1.tgz. Extracting by manifest.
289 http fetch POST 200 https://registry.npmjs.org/-/npm/v1/security/advisories/bulk 1631ms
290 silly audit report {
290 silly audit report   'serialize-javascript': [
290 silly audit report     {
290 silly audit report       id: 1113686,
290 silly audit report       url: 'https://github.com/advisories/GHSA-5c6j-r48x-rmvq',
290 silly audit report       title: 'Serialize JavaScript is Vulnerable to RCE via RegExp.flags and Date.prototype.toISOString()',
290 silly audit report       severity: 'high',
290 silly audit report       vulnerable_versions: '<=7.0.2',
290 silly audit report       cwe: [Array],
290 silly audit report       cvss: [Object]
290 silly audit report     }
290 silly audit report   ]
290 silly audit report }
291 silly packumentCache corgi:https://registry.npmjs.org/serialize-javascript cache-miss
292 http fetch GET 200 https://registry.npmjs.org/serialize-javascript 565ms (cache revalidated)
293 silly packumentCache corgi:https://registry.npmjs.org/serialize-javascript set size:35366 disposed:false
294 silly packumentCache corgi:https://registry.npmjs.org/rollup-plugin-terser cache-miss
295 http fetch GET 200 https://registry.npmjs.org/rollup-plugin-terser 639ms (cache revalidated)
296 silly packumentCache corgi:https://registry.npmjs.org/rollup-plugin-terser set size:47323 disposed:false
297 silly packumentCache corgi:https://registry.npmjs.org/workbox-build cache-miss
298 http fetch GET 200 https://registry.npmjs.org/workbox-build 607ms (cache revalidated)
299 silly packumentCache corgi:https://registry.npmjs.org/workbox-build set size:192745 disposed:false
300 silly packumentCache corgi:https://registry.npmjs.org/workbox-webpack-plugin cache-miss
301 http fetch GET 200 https://registry.npmjs.org/workbox-webpack-plugin 585ms (cache revalidated)
302 silly packumentCache corgi:https://registry.npmjs.org/workbox-webpack-plugin set size:135389 disposed:false
303 silly packumentCache corgi:https://registry.npmjs.org/next-pwa cache-miss
304 http fetch GET 200 https://registry.npmjs.org/@vercel/analytics/-/analytics-2.0.1.tgz 4029ms (cache miss)
305 http fetch GET 200 https://registry.npmjs.org/next-pwa 2382ms (cache revalidated)
306 silly packumentCache corgi:https://registry.npmjs.org/next-pwa set size:188954 disposed:false
307 silly ADD node_modules/@vercel/analytics
308 silly ADD node_modules/lightningcss-win32-arm64-msvc
309 silly ADD node_modules/lightningcss-linux-x64-musl
310 silly ADD node_modules/lightningcss-linux-x64-gnu
311 silly ADD node_modules/lightningcss-linux-arm64-musl
312 silly ADD node_modules/lightningcss-linux-arm64-gnu
313 silly ADD node_modules/lightningcss-linux-arm-gnueabihf
314 silly ADD node_modules/lightningcss-freebsd-x64
315 silly ADD node_modules/lightningcss-darwin-x64
316 silly ADD node_modules/lightningcss-darwin-arm64
317 silly ADD node_modules/lightningcss-android-arm64
318 silly ADD node_modules/fsevents
319 silly ADD node_modules/@unrs/resolver-binding-win32-ia32-msvc
320 silly ADD node_modules/@unrs/resolver-binding-win32-arm64-msvc
321 silly ADD node_modules/@unrs/resolver-binding-wasm32-wasi
322 silly ADD node_modules/@unrs/resolver-binding-linux-x64-musl
323 silly ADD node_modules/@unrs/resolver-binding-linux-x64-gnu
324 silly ADD node_modules/@unrs/resolver-binding-linux-s390x-gnu
325 silly ADD node_modules/@unrs/resolver-binding-linux-riscv64-musl
326 silly ADD node_modules/@unrs/resolver-binding-linux-riscv64-gnu
327 silly ADD node_modules/@unrs/resolver-binding-linux-ppc64-gnu
328 silly ADD node_modules/@unrs/resolver-binding-linux-arm64-musl
329 silly ADD node_modules/@unrs/resolver-binding-linux-arm64-gnu
330 silly ADD node_modules/@unrs/resolver-binding-linux-arm-musleabihf
331 silly ADD node_modules/@unrs/resolver-binding-linux-arm-gnueabihf
332 silly ADD node_modules/@unrs/resolver-binding-freebsd-x64
333 silly ADD node_modules/@unrs/resolver-binding-darwin-x64
334 silly ADD node_modules/@unrs/resolver-binding-darwin-arm64
335 silly ADD node_modules/@unrs/resolver-binding-android-arm64
336 silly ADD node_modules/@unrs/resolver-binding-android-arm-eabi
337 silly ADD node_modules/@tailwindcss/oxide-win32-arm64-msvc
338 silly ADD node_modules/@tailwindcss/oxide-wasm32-wasi
339 silly ADD node_modules/@tailwindcss/oxide-linux-x64-musl
340 silly ADD node_modules/@tailwindcss/oxide-linux-x64-gnu
341 silly ADD node_modules/@tailwindcss/oxide-linux-arm64-musl
342 silly ADD node_modules/@tailwindcss/oxide-linux-arm64-gnu
343 silly ADD node_modules/@tailwindcss/oxide-linux-arm-gnueabihf
344 silly ADD node_modules/@tailwindcss/oxide-freebsd-x64
345 silly ADD node_modules/@tailwindcss/oxide-darwin-x64
346 silly ADD node_modules/@tailwindcss/oxide-darwin-arm64
347 silly ADD node_modules/@tailwindcss/oxide-android-arm64
348 silly ADD node_modules/@next/swc-win32-arm64-msvc
349 silly ADD node_modules/@next/swc-linux-x64-musl
350 silly ADD node_modules/@next/swc-linux-x64-gnu
351 silly ADD node_modules/@next/swc-linux-arm64-musl
352 silly ADD node_modules/@next/swc-linux-arm64-gnu
353 silly ADD node_modules/@next/swc-darwin-x64
354 silly ADD node_modules/@next/swc-darwin-arm64
355 silly ADD node_modules/@img/sharp-win32-ia32
356 silly ADD node_modules/@img/sharp-win32-arm64
357 silly ADD node_modules/@img/sharp-wasm32
358 silly ADD node_modules/@img/sharp-linuxmusl-x64
359 silly ADD node_modules/@img/sharp-linuxmusl-arm64
360 silly ADD node_modules/@img/sharp-linux-x64
361 silly ADD node_modules/@img/sharp-linux-s390x
362 silly ADD node_modules/@img/sharp-linux-riscv64
363 silly ADD node_modules/@img/sharp-linux-ppc64
364 silly ADD node_modules/@img/sharp-linux-arm64
365 silly ADD node_modules/@img/sharp-linux-arm
366 silly ADD node_modules/@img/sharp-libvips-linuxmusl-x64
367 silly ADD node_modules/@img/sharp-libvips-linuxmusl-arm64
368 silly ADD node_modules/@img/sharp-libvips-linux-x64
369 silly ADD node_modules/@img/sharp-libvips-linux-s390x
370 silly ADD node_modules/@img/sharp-libvips-linux-riscv64
371 silly ADD node_modules/@img/sharp-libvips-linux-ppc64
372 silly ADD node_modules/@img/sharp-libvips-linux-arm64
373 silly ADD node_modules/@img/sharp-libvips-linux-arm
374 silly ADD node_modules/@img/sharp-libvips-darwin-x64
375 silly ADD node_modules/@img/sharp-libvips-darwin-arm64
376 silly ADD node_modules/@img/sharp-darwin-x64
377 silly ADD node_modules/@img/sharp-darwin-arm64
378 verbose cwd C:\xampp\htdocs\lengo-web1 - Copie
379 verbose os Windows_NT 10.0.19042
380 verbose node v22.14.0
381 verbose npm  v11.6.0
382 verbose exit 0
383 info ok
